Component: ARM Compiler 5.06 update 2 (build 183) Tool: armlink [4d35b7]

==============================================================================

Section Cross References

    main.o(i.advertising_init) refers to memseta.o(.text) for __aeabi_memclr4
    main.o(i.advertising_init) refers to ble_advdata.o(i.ble_advdata_set) for ble_advdata_set
    main.o(i.advertising_init) refers to app_error.o(i.app_error_handler_bare) for app_error_handler_bare
    main.o(i.advertising_init) refers to main.o(.data) for .data
    main.o(i.advertising_init) refers to main.o(.bss) for .bss
    main.o(i.assert_nrf_callback) refers to app_error.o(i.app_error_handler) for app_error_handler
    main.o(i.main) refers to nrf_log_frontend.o(i.nrf_log_init) for nrf_log_init
    main.o(i.main) refers to app_error.o(i.app_error_handler_bare) for app_error_handler_bare
    main.o(i.main) refers to nrf_log_default_backends.o(i.nrf_log_default_backends_init) for nrf_log_default_backends_init
    main.o(i.main) refers to app_timer.o(i.app_timer_init) for app_timer_init
    main.o(i.main) refers to bsp.o(i.bsp_init) for bsp_init
    main.o(i.main) refers to nrf_sdh.o(i.nrf_sdh_enable_request) for nrf_sdh_enable_request
    main.o(i.main) refers to nrf_sdh_ble.o(i.nrf_sdh_ble_default_cfg_set) for nrf_sdh_ble_default_cfg_set
    main.o(i.main) refers to nrf_sdh_ble.o(i.nrf_sdh_ble_enable) for nrf_sdh_ble_enable
    main.o(i.main) refers to main.o(i.advertising_init) for advertising_init
    main.o(i.main) refers to bsp.o(i.bsp_indication_set) for bsp_indication_set
    main.o(i.main) refers to nrf_log_frontend.o(i.nrf_log_frontend_std_0) for nrf_log_frontend_std_0
    main.o(i.main) refers to nrf_log_frontend.o(i.nrf_log_frontend_dequeue) for nrf_log_frontend_dequeue
    main.o(i.main) refers to main.o(.bss) for .bss
    main.o(i.main) refers to nrf_log_frontend.o(log_dynamic_data) for m_nrf_log_app_logs_data_dynamic
    boards.o(i.bsp_board_button_idx_to_pin) refers to boards.o(.constdata) for .constdata
    boards.o(i.bsp_board_button_state_get) refers to boards.o(.constdata) for .constdata
    boards.o(i.bsp_board_buttons_init) refers to boards.o(i.nrf_gpio_cfg) for nrf_gpio_cfg
    boards.o(i.bsp_board_buttons_init) refers to boards.o(.constdata) for .constdata
    boards.o(i.bsp_board_led_idx_to_pin) refers to boards.o(.constdata) for .constdata
    boards.o(i.bsp_board_led_invert) refers to boards.o(.constdata) for .constdata
    boards.o(i.bsp_board_led_off) refers to boards.o(i.nrf_gpio_pin_write) for nrf_gpio_pin_write
    boards.o(i.bsp_board_led_off) refers to boards.o(.constdata) for .constdata
    boards.o(i.bsp_board_led_on) refers to boards.o(i.nrf_gpio_pin_write) for nrf_gpio_pin_write
    boards.o(i.bsp_board_led_on) refers to boards.o(.constdata) for .constdata
    boards.o(i.bsp_board_led_state_get) refers to boards.o(.constdata) for .constdata
    boards.o(i.bsp_board_leds_init) refers to boards.o(i.nrf_gpio_cfg) for nrf_gpio_cfg
    boards.o(i.bsp_board_leds_init) refers to boards.o(i.bsp_board_leds_off) for bsp_board_leds_off
    boards.o(i.bsp_board_leds_init) refers to boards.o(.constdata) for .constdata
    boards.o(i.bsp_board_leds_off) refers to boards.o(i.bsp_board_led_off) for bsp_board_led_off
    boards.o(i.bsp_board_leds_on) refers to boards.o(i.bsp_board_led_on) for bsp_board_led_on
    boards.o(i.bsp_board_pin_to_button_idx) refers to boards.o(.constdata) for .constdata
    boards.o(i.bsp_board_pin_to_led_idx) refers to boards.o(.constdata) for .constdata
    bsp.o(i.alert_timer_handler) refers to boards.o(i.bsp_board_led_invert) for bsp_board_led_invert
    bsp.o(i.bsp_button_event_handler) refers to boards.o(i.bsp_board_pin_to_button_idx) for bsp_board_pin_to_button_idx
    bsp.o(i.bsp_button_event_handler) refers to app_timer.o(i.app_timer_start) for app_timer_start
    bsp.o(i.bsp_button_event_handler) refers to app_timer.o(i.app_timer_stop) for app_timer_stop
    bsp.o(i.bsp_button_event_handler) refers to bsp.o(.constdata) for .constdata
    bsp.o(i.bsp_button_event_handler) refers to bsp.o(.data) for .data
    bsp.o(i.bsp_button_event_handler) refers to bsp.o(.bss) for .bss
    bsp.o(i.bsp_button_is_pressed) refers to boards.o(i.bsp_board_button_state_get) for bsp_board_button_state_get
    bsp.o(i.bsp_buttons_disable) refers to app_button.o(i.app_button_disable) for app_button_disable
    bsp.o(i.bsp_buttons_enable) refers to app_button.o(i.app_button_enable) for app_button_enable
    bsp.o(i.bsp_event_to_button_action_assign) refers to bsp.o(.bss) for .bss
    bsp.o(i.bsp_indication_set) refers to bsp.o(i.bsp_led_indication) for bsp_led_indication
    bsp.o(i.bsp_indication_set) refers to bsp.o(.data) for .data
    bsp.o(i.bsp_init) refers to bsp.o(i.bsp_event_to_button_action_assign) for bsp_event_to_button_action_assign
    bsp.o(i.bsp_init) refers to app_button.o(i.app_button_init) for app_button_init
    bsp.o(i.bsp_init) refers to app_button.o(i.app_button_enable) for app_button_enable
[...]
    i.nrf_delay_us                           0x00024e58   Section        0  app_timer.o(i.nrf_delay_us)
    nrf_delay_us                             0x00024e59   Thumb Code   132  app_timer.o(i.nrf_delay_us)
    i.nrf_drv_clock_init                     0x00024ee4   Section        0  nrf_drv_clock.o(i.nrf_drv_clock_init)
    i.nrf_drv_clock_lfclk_release            0x00024f2c   Section        0  nrf_drv_clock.o(i.nrf_drv_clock_lfclk_release)
    i.nrf_drv_common_irq_disable             0x00024f58   Section        0  nrf_drv_uart.o(i.nrf_drv_common_irq_disable)
    nrf_drv_common_irq_disable               0x00024f59   Thumb Code    22  nrf_drv_uart.o(i.nrf_drv_common_irq_disable)
    i.nrf_drv_common_irq_enable              0x00024f6e   Section        0  nrf_drv_common.o(i.nrf_drv_common_irq_enable)
    i.nrf_drv_get_IRQn                       0x00024fa6   Section        0  nrf_drv_uart.o(i.nrf_drv_get_IRQn)
    nrf_drv_get_IRQn                         0x00024fa7   Thumb Code     6  nrf_drv_uart.o(i.nrf_drv_get_IRQn)
    i.nrf_drv_gpiote_in_event_enable         0x00024fac   Section        0  nrf_drv_gpiote.o(i.nrf_drv_gpiote_in_event_enable)
    i.nrf_drv_gpiote_in_init                 0x00025050   Section        0  nrf_drv_gpiote.o(i.nrf_drv_gpiote_in_init)
    i.nrf_drv_gpiote_in_is_set               0x00025108   Section        0  nrf_drv_gpiote.o(i.nrf_drv_gpiote_in_is_set)
    i.nrf_drv_gpiote_init                    0x0002511c   Section        0  nrf_drv_gpiote.o(i.nrf_drv_gpiote_init)
    i.nrf_drv_gpiote_is_init                 0x00025178   Section        0  nrf_drv_gpiote.o(i.nrf_drv_gpiote_is_init)
    i.nrf_drv_is_in_RAM                      0x0002518c   Section        0  nrf_drv_uart.o(i.nrf_drv_is_in_RAM)
    nrf_drv_is_in_RAM                        0x0002518d   Thumb Code    16  nrf_drv_uart.o(i.nrf_drv_is_in_RAM)
    i.nrf_drv_uart_init                      0x0002519c   Section        0  nrf_drv_uart.o(i.nrf_drv_uart_init)
    i.nrf_drv_uart_tx                        0x00025204   Section        0  nrf_drv_uart.o(i.nrf_drv_uart_tx)
    i.nrf_drv_uart_tx_in_progress            0x00025310   Section        0  nrf_drv_uart.o(i.nrf_drv_uart_tx_in_progress)
    i.nrf_drv_uart_uninit                    0x00025328   Section        0  nrf_drv_uart.o(i.nrf_drv_uart_uninit)
    i.nrf_fprintf                            0x0002537c   Section        0  nrf_fprintf.o(i.nrf_fprintf)
    i.nrf_fprintf_buffer_flush               0x00025396   Section        0  nrf_fprintf.o(i.nrf_fprintf_buffer_flush)
    i.nrf_fprintf_fmt                        0x000253ae   Section        0  nrf_fprintf_format.o(i.nrf_fprintf_fmt)
    i.nrf_gpio_cfg                           0x00025588   Section        0  boards.o(i.nrf_gpio_cfg)
    nrf_gpio_cfg                             0x00025589   Thumb Code    36  boards.o(i.nrf_gpio_cfg)
    i.nrf_gpio_cfg                           0x000255ac   Section        0  nrf_drv_gpiote.o(i.nrf_gpio_cfg)
    nrf_gpio_cfg                             0x000255ad   Thumb Code    36  nrf_drv_gpiote.o(i.nrf_gpio_cfg)
    i.nrf_gpio_cfg                           0x000255d0   Section        0  nrf_drv_uart.o(i.nrf_gpio_cfg)
    nrf_gpio_cfg                             0x000255d1   Thumb Code    36  nrf_drv_uart.o(i.nrf_gpio_cfg)
    i.nrf_gpio_cfg_default                   0x000255f4   Section        0  nrf_drv_uart.o(i.nrf_gpio_cfg_default)
    nrf_gpio_cfg_default                     0x000255f5   Thumb Code    18  nrf_drv_uart.o(i.nrf_gpio_cfg_default)
    i.nrf_gpio_cfg_input                     0x00025606   Section        0  nrf_drv_uart.o(i.nrf_gpio_cfg_input)
    nrf_gpio_cfg_input                       0x00025607   Thumb Code    18  nrf_drv_uart.o(i.nrf_gpio_cfg_input)
    i.nrf_gpio_cfg_output                    0x00025618   Section        0  nrf_drv_uart.o(i.nrf_gpio_cfg_output)
    nrf_gpio_cfg_output                      0x00025619   Thumb Code    20  nrf_drv_uart.o(i.nrf_gpio_cfg_output)
    i.nrf_gpio_cfg_sense_set                 0x0002562c   Section        0  nrf_drv_gpiote.o(i.nrf_gpio_cfg_sense_set)
    nrf_gpio_cfg_sense_set                   0x0002562d   Thumb Code    34  nrf_drv_gpiote.o(i.nrf_gpio_cfg_sense_set)
    i.nrf_gpio_pin_write                     0x0002564e   Section        0  boards.o(i.nrf_gpio_pin_write)
    nrf_gpio_pin_write                       0x0002564f   Thumb Code    22  boards.o(i.nrf_gpio_pin_write)
    i.nrf_gpio_ports_read                    0x00025664   Section        0  nrf_drv_gpiote.o(i.nrf_gpio_ports_read)
    nrf_gpio_ports_read                      0x00025665   Thumb Code    34  nrf_drv_gpiote.o(i.nrf_gpio_ports_read)
    i.nrf_gpiote_event_clear                 0x0002568c   Section        0  nrf_drv_gpiote.o(i.nrf_gpiote_event_clear)
    nrf_gpiote_event_clear                   0x0002568d   Thumb Code    16  nrf_drv_gpiote.o(i.nrf_gpiote_event_clear)
    i.nrf_gpiote_event_is_set                0x000256a0   Section        0  nrf_drv_gpiote.o(i.nrf_gpiote_event_is_set)
    nrf_gpiote_event_is_set                  0x000256a1   Thumb Code    12  nrf_drv_gpiote.o(i.nrf_gpiote_event_is_set)
    i.nrf_log_backend_add                    0x000256b0   Section        0  nrf_log_frontend.o(i.nrf_log_backend_add)
    i.nrf_log_backend_serial_put             0x00025718   Section        0  nrf_log_backend_serial.o(i.nrf_log_backend_serial_put)
    i.nrf_log_backend_uart_flush             0x000257ea   Section        0  nrf_log_backend_uart.o(i.nrf_log_backend_uart_flush)
    nrf_log_backend_uart_flush               0x000257eb   Thumb Code     2  nrf_log_backend_uart.o(i.nrf_log_backend_uart_flush)
    i.nrf_log_backend_uart_init              0x000257ec   Section        0  nrf_log_backend_uart.o(i.nrf_log_backend_uart_init)
    i.nrf_log_backend_uart_panic_set         0x000257f4   Section        0  nrf_log_backend_uart.o(i.nrf_log_backend_uart_panic_set)
    nrf_log_backend_uart_panic_set           0x000257f5   Thumb Code    18  nrf_log_backend_uart.o(i.nrf_log_backend_uart_panic_set)
    i.nrf_log_backend_uart_put               0x0002580c   Section        0  nrf_log_backend_uart.o(i.nrf_log_backend_uart_put)
    nrf_log_backend_uart_put                 0x0002580d   Thumb Code    16  nrf_log_backend_uart.o(i.nrf_log_backend_uart_put)
    i.nrf_log_color_id_get                   0x00025824   Section        0  nrf_log_frontend.o(i.nrf_log_color_id_get)
    i.nrf_log_default_backends_init          0x0002584c   Section        0  nrf_log_default_backends.o(i.nrf_log_default_backends_init)
    i.nrf_log_frontend_dequeue               0x00025868   Section        0  nrf_log_frontend.o(i.nrf_log_frontend_dequeue)
    i.nrf_log_frontend_std_0                 0x00025a14   Section        0  nrf_log_frontend.o(i.nrf_log_frontend_std_0)
    i.nrf_log_frontend_std_1                 0x00025a1c   Section        0  nrf_log_frontend.o(i.nrf_log_frontend_std_1)
    i.nrf_log_hexdump_entry_process          0x00025a2c   Section        0  nrf_log_str_formatter.o(i.nrf_log_hexdump_entry_process)
    i.nrf_log_init                           0x00025ad8   Section        0  nrf_log_frontend.o(i.nrf_log_init)
    i.nrf_log_module_cnt_get                 0x00025b34   Section        0  nrf_log_frontend.o(i.nrf_log_module_cnt_get)
    i.nrf_log_module_filter_get              0x00025b48   Section        0  nrf_log_frontend.o(i.nrf_log_module_filter_get)
    i.nrf_log_module_name_get                0x00025b6c   Section        0  nrf_log_frontend.o(i.nrf_log_module_name_get)
    i.nrf_log_panic                          0x00025b88   Section        0  nrf_log_frontend.o(i.nrf_log_panic)
    i.nrf_log_std_entry_process              0x00025bb0   Section        0  nrf_log_str_formatter.o(i.nrf_log_std_entry_process)
    i.nrf_memobj_alloc                       0x00025c66   Section        0  nrf_memobj.o(i.nrf_memobj_alloc)
    i.nrf_memobj_free                        0x00025cc6   Section        0  nrf_memobj.o(i.nrf_memobj_free)
    i.nrf_memobj_get                         0x00025cf8   Section        0  nrf_memobj.o(i.nrf_memobj_get)
    i.nrf_memobj_pool_init                   0x00025d06   Section        0  nrf_memobj.o(i.nrf_memobj_pool_init)
    i.nrf_memobj_put                         0x00025d0a   Section        0  nrf_memobj.o(i.nrf_memobj_put)
    i.nrf_memobj_read                        0x00025d2c   Section        0  nrf_memobj.o(i.nrf_memobj_read)
    i.nrf_memobj_write                       0x00025d38   Section        0  nrf_memobj.o(i.nrf_memobj_write)
    i.nrf_sdh_ble_app_ram_start_get          0x00025d44   Section        0  nrf_sdh_ble.o(i.nrf_sdh_ble_app_ram_start_get)
    i.nrf_sdh_ble_default_cfg_set            0x00025d58   Section        0  nrf_sdh_ble.o(i.nrf_sdh_ble_default_cfg_set)
    i.nrf_sdh_ble_enable                     0x00025e60   Section        0  nrf_sdh_ble.o(i.nrf_sdh_ble_enable)
    i.nrf_sdh_ble_evts_poll                  0x00025f30   Section        0  nrf_sdh_ble.o(i.nrf_sdh_ble_evts_poll)
    nrf_sdh_ble_evts_poll                    0x00025f31   Thumb Code    74  nrf_sdh_ble.o(i.nrf_sdh_ble_evts_poll)
    i.nrf_sdh_enable_request                 0x00025f80   Section        0  nrf_sdh.o(i.nrf_sdh_enable_request)
    i.nrf_sdh_evts_poll                      0x00025fd8   Section        0  nrf_sdh.o(i.nrf_sdh_evts_poll)
    i.nrf_sdh_is_enabled                     0x00025ffc   Section        0  nrf_sdh.o(i.nrf_sdh_is_enabled)
    i.nrf_sdh_soc_evts_poll                  0x00026008   Section        0  nrf_sdh_soc.o(i.nrf_sdh_soc_evts_poll)
    nrf_sdh_soc_evts_poll                    0x00026009   Thumb Code    56  nrf_sdh_soc.o(i.nrf_sdh_soc_evts_poll)
    i.nrf_section_iter_init                  0x00026044   Section        0  nrf_section_iter.o(i.nrf_section_iter_init)
    i.nrf_section_iter_item_set              0x0002604e   Section        0  nrf_section_iter.o(i.nrf_section_iter_item_set)
    nrf_section_iter_item_set                0x0002604f   Thumb Code    36  nrf_section_iter.o(i.nrf_section_iter_item_set)
    i.nrf_section_iter_next                  0x00026072   Section        0  nrf_section_iter.o(i.nrf_section_iter_next)
    i.nrf_strerror_find                      0x00026094   Section        0  nrf_strerror.o(i.nrf_strerror_find)
    i.nrf_strerror_get                       0x000260cc   Section        0  nrf_strerror.o(i.nrf_strerror_get)
    i.nrf_uart_event_check                   0x000260e0   Section        0  nrf_drv_uart.o(i.nrf_uart_event_check)
    nrf_uart_event_check                     0x000260e1   Thumb Code    10  nrf_drv_uart.o(i.nrf_uart_event_check)
    i.nrf_uart_event_clear                   0x000260ea   Section        0  nrf_drv_uart.o(i.nrf_uart_event_clear)
    nrf_uart_event_clear                     0x000260eb   Thumb Code    12  nrf_drv_uart.o(i.nrf_uart_event_clear)
    i.nrf_uart_int_enable_check              0x000260f6   Section        0  nrf_drv_uart.o(i.nrf_uart_int_enable_check)
    nrf_uart_int_enable_check                0x000260f7   Thumb Code    12  nrf_drv_uart.o(i.nrf_uart_int_enable_check)
    i.nrf_uarte_event_check                  0x00026102   Section        0  nrf_drv_uart.o(i.nrf_uarte_event_check)
    nrf_uarte_event_check                    0x00026103   Thumb Code    10  nrf_drv_uart.o(i.nrf_uarte_event_check)
    i.nrf_uarte_event_clear                  0x0002610c   Section        0  nrf_drv_uart.o(i.nrf_uarte_event_clear)
    nrf_uarte_event_clear                    0x0002610d   Thumb Code    12  nrf_drv_uart.o(i.nrf_uarte_event_clear)
    i.pin_in_use_by_port                     0x00026118   Section        0  nrf_drv_gpiote.o(i.pin_in_use_by_port)
    pin_in_use_by_port                       0x00026119   Thumb Code    20  nrf_drv_gpiote.o(i.pin_in_use_by_port)
    i.pin_in_use_by_te                       0x00026130   Section        0  nrf_drv_gpiote.o(i.pin_in_use_by_te)
    pin_in_use_by_te                         0x00026131   Thumb Code    20  nrf_drv_gpiote.o(i.pin_in_use_by_te)
    i.pins_to_default                        0x00026148   Section        0  nrf_drv_uart.o(i.pins_to_default)
    pins_to_default                          0x00026149   Thumb Code   114  nrf_drv_uart.o(i.pins_to_default)
    i.postfix_process                        0x000261c0   Section        0  nrf_log_str_formatter.o(i.postfix_process)
    postfix_process                          0x000261c1   Thumb Code    48  nrf_log_str_formatter.o(i.postfix_process)
    i.prefix_process                         0x000261fc   Section        0  nrf_log_str_formatter.o(i.prefix_process)
    prefix_process                           0x000261fd   Thumb Code    72  nrf_log_str_formatter.o(i.prefix_process)
    i.rtc1_stop                              0x00026258   Section        0  app_timer.o(i.rtc1_stop)
    rtc1_stop                                0x00026259   Thumb Code    52  app_timer.o(i.rtc1_stop)
    i.rx_byte                                0x00026294   Section        0  nrf_drv_uart.o(i.rx_byte)
    rx_byte                                  0x00026295   Thumb Code    50  nrf_drv_uart.o(i.rx_byte)
    i.rx_done_event                          0x000262c6   Section        0  nrf_drv_uart.o(i.rx_done_event)
    rx_done_event                            0x000262c7   Thumb Code    24  nrf_drv_uart.o(i.rx_done_event)
    i.sd_nvic_EnableIRQ                      0x000262e0   Section        0  nrf_sdh.o(i.sd_nvic_EnableIRQ)
    sd_nvic_EnableIRQ                        0x000262e1   Thumb Code   106  nrf_sdh.o(i.sd_nvic_EnableIRQ)
    i.sd_state_evt_handler                   0x00026350   Section        0  nrf_drv_clock.o(i.sd_state_evt_handler)
    sd_state_evt_handler                     0x00026351   Thumb Code    80  nrf_drv_clock.o(i.sd_state_evt_handler)
    i.sdh_request_observer_notify            0x000263a4   Section        0  nrf_sdh.o(i.sdh_request_observer_notify)
    sdh_request_observer_notify              0x000263a5   Thumb Code    44  nrf_sdh.o(i.sdh_request_observer_notify)
    i.sdh_state_observer_notify              0x000263d4   Section        0  nrf_sdh.o(i.sdh_state_observer_notify)
    sdh_state_observer_notify                0x000263d5   Thumb Code    38  nrf_sdh.o(i.sdh_state_observer_notify)
    i.serial_tx                              0x00026400   Section        0  nrf_log_backend_uart.o(i.serial_tx)
    serial_tx                                0x00026401   Thumb Code    36  nrf_log_backend_uart.o(i.serial_tx)
    i.service_data_encode                    0x00026428   Section        0  ble_advdata.o(i.service_data_encode)
    service_data_encode                      0x00026429   Thumb Code   136  ble_advdata.o(i.service_data_encode)
    i.soc_evt_handler                        0x000264b0   Section        0  nrf_drv_clock.o(i.soc_evt_handler)
    soc_evt_handler                          0x000264b1   Thumb Code    10  nrf_drv_clock.o(i.soc_evt_handler)
    i.std_n                                  0x000264bc   Section        0  nrf_log_frontend.o(i.std_n)
    std_n                                    0x000264bd   Thumb Code   146  nrf_log_frontend.o(i.std_n)
    i.timer_list_handler                     0x00026554   Section        0  app_timer.o(i.timer_list_handler)
    timer_list_handler                       0x00026555   Thumb Code   122  app_timer.o(i.timer_list_handler)
    i.timer_list_insert                      0x000265d4   Section        0  app_timer.o(i.timer_list_insert)
    timer_list_insert                        0x000265d5   Thumb Code    56  app_timer.o(i.timer_list_insert)
    i.timer_list_remove                      0x00026610   Section        0  app_timer.o(i.timer_list_remove)
    timer_list_remove                        0x00026611   Thumb Code    88  app_timer.o(i.timer_list_remove)
    i.timer_stop_op_schedule                 0x00026670   Section        0  app_timer.o(i.timer_stop_op_schedule)
    timer_stop_op_schedule                   0x00026671   Thumb Code    68  app_timer.o(i.timer_stop_op_schedule)
    i.timer_timeouts_check                   0x000266b8   Section        0  app_timer.o(i.timer_timeouts_check)
    timer_timeouts_check                     0x000266b9   Thumb Code   106  app_timer.o(i.timer_timeouts_check)
    i.tx_byte                                0x0002672c   Section        0  nrf_drv_uart.o(i.tx_byte)
    tx_byte                                  0x0002672d   Thumb Code    32  nrf_drv_uart.o(i.tx_byte)
    i.tx_done_event                          0x0002674c   Section        0  nrf_drv_uart.o(i.tx_done_event)
    tx_done_event                            0x0002674d   Thumb Code    28  nrf_drv_uart.o(i.tx_done_event)
    i.uart_evt_handler                       0x00026768   Section        0  nrf_log_backend_uart.o(i.uart_evt_handler)
    uart_evt_handler                         0x00026769   Thumb Code     8  nrf_log_backend_uart.o(i.uart_evt_handler)
    i.uart_init                              0x00026774   Section        0  nrf_log_backend_uart.o(i.uart_init)
    uart_init                                0x00026775   Thumb Code    66  nrf_log_backend_uart.o(i.uart_init)
    i.uart_irq_handler                       0x000267c4   Section        0  nrf_drv_uart.o(i.uart_irq_handler)
    uart_irq_handler                         0x000267c5   Thumb Code   286  nrf_drv_uart.o(i.uart_irq_handler)
    i.uarte_irq_handler                      0x000268e2   Section        0  nrf_drv_uart.o(i.uarte_irq_handler)
    uarte_irq_handler                        0x000268e3   Thumb Code   240  nrf_drv_uart.o(i.uarte_irq_handler)
    i.uint16_encode                          0x000269d2   Section        0  ble_advdata.o(i.uint16_encode)
    uint16_encode                            0x000269d3   Thumb Code    10  ble_advdata.o(i.uint16_encode)
    i.unsigned_print                         0x000269dc   Section        0  nrf_fprintf_format.o(i.unsigned_print)
    unsigned_print                           0x000269dd   Thumb Code   176  nrf_fprintf_format.o(i.unsigned_print)
    i.user_op_alloc                          0x00026a90   Section        0  app_timer.o(i.user_op_alloc)
    user_op_alloc                            0x00026a91   Thumb Code    42  app_timer.o(i.user_op_alloc)
    i.uuid_list_encode                       0x00026ac0   Section        0  ble_advdata.o(i.uuid_list_encode)
    uuid_list_encode                         0x00026ac1   Thumb Code    48  ble_advdata.o(i.uuid_list_encode)
    i.uuid_list_sized_encode                 0x00026af0   Section        0  ble_advdata.o(i.uuid_list_sized_encode)
    uuid_list_sized_encode                   0x00026af1   Thumb Code   158  ble_advdata.o(i.uuid_list_sized_encode)
    .constdata                               0x00026b8e   Section        8  boards.o(.constdata)
    m_board_led_list                         0x00026b8e   Data           4  boards.o(.constdata)
    m_board_btn_list                         0x00026b92   Data           4  boards.o(.constdata)
    .constdata                               0x00026b98   Section       44  bsp.o(.constdata)
    m_leds_timer_id                          0x00026b98   Data           4  bsp.o(.constdata)
    m_alert_timer_id                         0x00026b9c   Data           4  bsp.o(.constdata)
    m_button_timer_id                        0x00026ba0   Data           4  bsp.o(.constdata)
    app_buttons                              0x00026ba4   Data          32  bsp.o(.constdata)
    .constdata                               0x00026bc4   Section        4  nrf_drv_gpiote.o(.constdata)
    .constdata                               0x00026bc8   Section        8  app_button.o(.constdata)
    m_detection_delay_timer_id               0x00026bc8   Data           4  app_button.o(.constdata)
    .constdata                               0x00026bd0   Section       16  nrf_fprintf_format.o(.constdata)
    _aV2C                                    0x00026bd0   Data          16  nrf_fprintf_format.o(.constdata)
    .constdata                               0x00026be0   Section      260  nrf_strerror.o(.constdata)
    m_unknown_str                            0x00026be0   Data          19  nrf_strerror.o(.constdata)
    nrf_strerror_array                       0x00026bf4   Data         240  nrf_strerror.o(.constdata)
    .constdata                               0x00026ce4   Section       12  nrf_log_backend_uart.o(.constdata)
    .constdata                               0x00026cf0   Section       32  nrf_log_backend_uart.o(.constdata)
    .constdata                               0x00026d10   Section       20  nrf_log_frontend.o(.constdata)
    mempool                                  0x00026d10   Data          20  nrf_log_frontend.o(.constdata)
    .constdata                               0x00026d24   Section       16  nrf_sdh.o(.constdata)
    sdh_req_observers_array                  0x00026d24   Data          16  nrf_sdh.o(.constdata)
    .constdata                               0x00026d34   Section       40  nrf_sdh.o(.constdata)
    sdh_req_observers                        0x00026d38   Data          12  nrf_sdh.o(.constdata)
    sdh_state_observers                      0x00026d44   Data          12  nrf_sdh.o(.constdata)
    sdh_stack_observers                      0x00026d50   Data          12  nrf_sdh.o(.constdata)
    .constdata                               0x00026d5c   Section       16  nrf_sdh.o(.constdata)
    sdh_state_observers_array                0x00026d5c   Data          16  nrf_sdh.o(.constdata)
    .constdata                               0x00026d6c   Section       16  nrf_sdh.o(.constdata)
    sdh_stack_observers_array                0x00026d6c   Data          16  nrf_sdh.o(.constdata)
    .constdata                               0x00026d7c   Section       24  nrf_sdh_ble.o(.constdata)
    sdh_ble_observers_array                  0x00026d7c   Data          24  nrf_sdh_ble.o(.constdata)
    .constdata                               0x00026d94   Section       20  nrf_sdh_ble.o(.constdata)
    sdh_ble_observers                        0x00026d9c   Data          12  nrf_sdh_ble.o(.constdata)
    .constdata                               0x00026da8   Section       16  nrf_sdh_soc.o(.constdata)
    sdh_soc_observers_array                  0x00026da8   Data          16  nrf_sdh_soc.o(.constdata)
    .constdata                               0x00026db8   Section       12  nrf_sdh_soc.o(.constdata)
    sdh_soc_observers                        0x00026db8   Data          12  nrf_sdh_soc.o(.constdata)
    .constdata                               0x00026dc4   Section      129  ctype_o.o(.constdata)
    .constdata                               0x00026e48   Section        4  ctype_o.o(.constdata)
    table                                    0x00026e48   Data           4  ctype_o.o(.constdata)
    .conststring                             0x00026e4c   Section      775  nrf_strerror.o(.conststring)
    .conststring                             0x00027154   Section      102  nrf_log_str_formatter.o(.conststring)
    .conststring                             0x000271bc   Section      392  nrf_sdh_ble.o(.conststring)
    .conststrlit                             0x00027344   Section        6  nrf_drv_clock.o(.conststrlit)
    .conststrlit                             0x0002734c   Section        7  nrf_drv_gpiote.o(.conststrlit)
    .conststrlit                             0x00027354   Section        5  nrf_drv_uart.o(.conststrlit)
    .conststrlit                             0x0002735c   Section        7  nrf_balloc.o(.conststrlit)
    .conststrlit                             0x00027364   Section        9  nrf_pwr_mgmt.o(.conststrlit)
    .conststrlit                             0x00027370   Section        4  nrf_log_frontend.o(.conststrlit)
    .conststrlit                             0x00027374   Section        8  nrf_sdh.o(.conststrlit)
    .conststrlit                             0x0002737c   Section       12  nrf_sdh_ble.o(.conststrlit)
    .conststrlit                             0x00027388   Section       12  nrf_sdh_soc.o(.conststrlit)
    log_const_data                           0x000273b4   Section        8  nrf_drv_clock.o(log_const_data)
    __tagsym$$used                           0x000273b4   Number         0  nrf_drv_clock.o(log_const_data)
    log_const_data                           0x000273bc   Section        8  nrf_drv_gpiote.o(log_const_data)
    __tagsym$$used                           0x000273bc   Number         0  nrf_drv_gpiote.o(log_const_data)
    log_const_data                           0x000273c4   Section        8  nrf_drv_uart.o(log_const_data)
    __tagsym$$used                           0x000273c4   Number         0  nrf_drv_uart.o(log_const_data)
    log_const_data                           0x000273cc   Section        8  nrf_balloc.o(log_const_data)
    __tagsym$$used                           0x000273cc   Number         0  nrf_balloc.o(log_const_data)
    log_const_data                           0x000273d4   Section        8  nrf_pwr_mgmt.o(log_const_data)
    __tagsym$$used                           0x000273d4   Number         0  nrf_pwr_mgmt.o(log_const_data)
    log_const_data                           0x000273dc   Section        8  nrf_log_frontend.o(log_const_data)
    __tagsym$$used                           0x000273dc   Number         0  nrf_log_frontend.o(log_const_data)
    log_const_data                           0x000273e4   Section        8  nrf_sdh.o(log_const_data)
    __tagsym$$used                           0x000273e4   Number         0  nrf_sdh.o(log_const_data)
    log_const_data                           0x000273ec   Section        8  nrf_sdh_ble.o(log_const_data)
    __tagsym$$used                           0x000273ec   Number         0  nrf_sdh_ble.o(log_const_data)
    log_const_data                           0x000273f4   Section        8  nrf_sdh_soc.o(log_const_data)
    __tagsym$$used                           0x000273f4   Number         0  nrf_sdh_soc.o(log_const_data)
    sdh_soc_observers0                       0x000273fc   Section        8  nrf_drv_clock.o(sdh_soc_observers0)
    __tagsym$$used                           0x000273fc   Number         0  nrf_drv_clock.o(sdh_soc_observers0)
    m_soc_evt_observer                       0x000273fc   Data           8  nrf_drv_clock.o(sdh_soc_observers0)
    sdh_stack_observers0                     0x00027404   Section        8  nrf_sdh_ble.o(sdh_stack_observers0)
    __tagsym$$used                           0x00027404   Number         0  nrf_sdh_ble.o(sdh_stack_observers0)
    m_nrf_sdh_ble_evts_poll                  0x00027404   Data           8  nrf_sdh_ble.o(sdh_stack_observers0)
    sdh_stack_observers0                     0x0002740c   Section        8  nrf_sdh_soc.o(sdh_stack_observers0)
    __tagsym$$used                           0x0002740c   Number         0  nrf_sdh_soc.o(sdh_stack_observers0)
    m_nrf_sdh_soc_evts_poll                  0x0002740c   Data           8  nrf_sdh_soc.o(sdh_stack_observers0)
    sdh_state_observers0                     0x00027414   Section        8  nrf_drv_clock.o(sdh_state_observers0)
    __tagsym$$used                           0x00027414   Number         0  nrf_drv_clock.o(sdh_state_observers0)
    m_sd_state_observer                      0x00027414   Data           8  nrf_drv_clock.o(sdh_state_observers0)
    .data                                    0x20001720   Section       18  main.o(.data)
    m_adv_uuids                              0x20001720   Data           4  main.o(.data)
    m_beacon_info                            0x20001724   Data          14  main.o(.data)
    .data                                    0x20001734   Section       16  bsp.o(.data)
    m_stable_state                           0x20001734   Data           1  bsp.o(.data)
    m_leds_clear                             0x20001735   Data           1  bsp.o(.data)
    m_alert_on                               0x20001736   Data           1  bsp.o(.data)
    current_long_push_pin_no                 0x20001737   Data           1  bsp.o(.data)
    m_indication_type                        0x20001738   Data           4  bsp.o(.data)
    m_registered_callback                    0x2000173c   Data           4  bsp.o(.data)
    release_event_at_push                    0x20001740   Data           4  bsp.o(.data)
    .data                                    0x20001744   Section       20  app_button.o(.data)
    m_button_count                           0x20001744   Data           1  app_button.o(.data)
    mp_buttons                               0x20001748   Data           4  app_button.o(.data)
    m_detection_delay                        0x2000174c   Data           4  app_button.o(.data)
    m_pin_state                              0x20001750   Data           4  app_button.o(.data)
    m_pin_transition                         0x20001754   Data           4  app_button.o(.data)
    .data                                    0x20001758   Section       20  app_timer.o(.data)
    m_ticks_elapsed_q_read_ind               0x20001758   Data           1  app_timer.o(.data)
    m_ticks_elapsed_q_write_ind              0x20001759   Data           1  app_timer.o(.data)
    m_rtc1_running                           0x2000175a   Data           1  app_timer.o(.data)
    m_rtc1_reset                             0x2000175b   Data           1  app_timer.o(.data)
    mp_timer_id_head                         0x2000175c   Data           4  app_timer.o(.data)
    m_ticks_latest                           0x20001760   Data           4  app_timer.o(.data)
    m_ticks_elapsed                          0x20001764   Data           8  app_timer.o(.data)
    .data                                    0x2000176c   Section       12  nrf_log_backend_uart.o(.data)
    m_xfer_done                              0x2000176c   Data           1  nrf_log_backend_uart.o(.data)
    m_async_mode                             0x2000176d   Data           1  nrf_log_backend_uart.o(.data)
    .data                                    0x20001778   Section       12  nrf_log_default_backends.o(.data)
    uart_log_backend                         0x20001778   Data          12  nrf_log_default_backends.o(.data)
    .data                                    0x20001784   Section        8  nrf_log_frontend.o(.data)
    mempool_nrf_balloc_pool_stack            0x20001784   Data           8  nrf_log_frontend.o(.data)
    .data                                    0x2000178c   Section        8  nrf_log_frontend.o(.data)
    mempool_nrf_balloc_cb                    0x2000178c   Data           8  nrf_log_frontend.o(.data)
    .data                                    0x20001794   Section       56  nrf_log_str_formatter.o(.data)
    severity_names                           0x20001794   Data          20  nrf_log_str_formatter.o(.data)
    m_colors                                 0x200017a8   Data          36  nrf_log_str_formatter.o(.data)
    .data                                    0x200017cc   Section        3  nrf_sdh.o(.data)
    m_nrf_sdh_enabled                        0x200017cc   Data           1  nrf_sdh.o(.data)
    m_nrf_sdh_suspended                      0x200017cd   Data           1  nrf_sdh.o(.data)
    m_nrf_sdh_continue                       0x200017ce   Data           1  nrf_sdh.o(.data)
    .data                                    0x200017d0   Section        4  system_nrf52.o(.data)
    __tagsym$$used                           0x200017d0   Number         0  system_nrf52.o(.data)
    log_dynamic_data                         0x200017d4   Section       12  nrf_drv_clock.o(log_dynamic_data)
    __tagsym$$used                           0x200017d4   Number         0  nrf_drv_clock.o(log_dynamic_data)
    log_dynamic_data                         0x200017e0   Section       12  nrf_drv_gpiote.o(log_dynamic_data)
    __tagsym$$used                           0x200017e0   Number         0  nrf_drv_gpiote.o(log_dynamic_data)
    log_dynamic_data                         0x200017ec   Section       12  nrf_drv_uart.o(log_dynamic_data)
    __tagsym$$used                           0x200017ec   Number         0  nrf_drv_uart.o(log_dynamic_data)
    log_dynamic_data                         0x200017f8   Section       12  nrf_balloc.o(log_dynamic_data)
    __tagsym$$used                           0x200017f8   Number         0  nrf_balloc.o(log_dynamic_data)
    log_dynamic_data                         0x20001804   Section       12  nrf_pwr_mgmt.o(log_dynamic_data)
    __tagsym$$used                           0x20001804   Number         0  nrf_pwr_mgmt.o(log_dynamic_data)
    log_dynamic_data                         0x20001810   Section       12  nrf_log_frontend.o(log_dynamic_data)
    __tagsym$$used                           0x20001810   Number         0  nrf_log_frontend.o(log_dynamic_data)
    log_dynamic_data                         0x2000181c   Section       12  nrf_sdh.o(log_dynamic_data)
    __tagsym$$used                           0x2000181c   Number         0  nrf_sdh.o(log_dynamic_data)
    log_dynamic_data                         0x20001828   Section       12  nrf_sdh_ble.o(log_dynamic_data)
    __tagsym$$used                           0x20001828   Number         0  nrf_sdh_ble.o(log_dynamic_data)
    log_dynamic_data                         0x20001834   Section       12  nrf_sdh_soc.o(log_dynamic_data)
    __tagsym$$used                           0x20001834   Number         0  nrf_sdh_soc.o(log_dynamic_data)
    .bss                                     0x20001840   Section       16  main.o(.bss)
    m_adv_params                             0x20001840   Data          16  main.o(.bss)
    .bss                                     0x20001850   Section       32  bsp.o(.bss)
    m_leds_timer_id_data                     0x20001850   Data          32  bsp.o(.bss)
    .bss                                     0x20001870   Section       32  bsp.o(.bss)
    m_alert_timer_id_data                    0x20001870   Data          32  bsp.o(.bss)
    .bss                                     0x20001890   Section       12  bsp.o(.bss)
    m_events_list                            0x20001890   Data          12  bsp.o(.bss)
    .bss                                     0x2000189c   Section       32  bsp.o(.bss)
    m_button_timer_id_data                   0x2000189c   Data          32  bsp.o(.bss)
    .bss                                     0x200018bc   Section       20  nrf_drv_clock.o(.bss)
    m_clock_cb                               0x200018bc   Data          20  nrf_drv_clock.o(.bss)
    .bss                                     0x200018d0   Section       88  nrf_drv_gpiote.o(.bss)
    m_cb                                     0x200018d0   Data          88  nrf_drv_gpiote.o(.bss)
    .bss                                     0x20001928   Section       32  nrf_drv_uart.o(.bss)
    m_cb                                     0x20001928   Data          32  nrf_drv_uart.o(.bss)
    .bss                                     0x20001948   Section       32  app_button.o(.bss)
    m_detection_delay_timer_id_data          0x20001948   Data          32  app_button.o(.bss)
    .bss                                     0x20001968   Section      268  app_timer.o(.bss)
    m_op_queue                               0x20001968   Data         268  app_timer.o(.bss)
    .bss                                     0x20001a74   Section       12  app_util_platform.o(.bss)
    .bss                                     0x20001a80   Section       64  nrf_log_backend_uart.o(.bss)
    m_string_buff                            0x20001a80   Data          64  nrf_log_backend_uart.o(.bss)
    .bss                                     0x20001ac0   Section      192  nrf_log_frontend.o(.bss)
    mempool_nrf_balloc_pool_mem              0x20001ac0   Data         192  nrf_log_frontend.o(.bss)
    .bss                                     0x20001b80   Section     1056  nrf_log_frontend.o(.bss)
    m_log_data                               0x20001b80   Data        1056  nrf_log_frontend.o(.bss)
    STACK                                    0x20001fa0   Section     8192  arm_startup_nrf52.o(STACK)

    Global Symbols

    Symbol Name                              Value     Ov Type        Size  Object(Section)

    BuildAttributes$$THM_ISAv4$E$P$D$K$B$S$7EM$VFPi3$EXTD16$VFPS$VFMA$PE$A:L22UL41UL21$X:L11$S22US41US21$IEEE1$IW$USESV6$~STKCKD$USESV7$~SHL$OSPACE$EBA8$MICROLIB$REQ8$PRES8$EABIv2 0x00000000   Number         0  anon$$obj.o ABSOLUTE
    __ARM_use_no_argv                        0x00000000   Number         0  main.o ABSOLUTE
    __cpp_initialize__aeabi_                  - Undefined Weak Reference
    __cxa_finalize                            - Undefined Weak Reference
    __decompress                              - Undefined Weak Reference
    _clock_init                               - Undefined Weak Reference
    _microlib_exit                            - Undefined Weak Reference
    pwr_mgmt_data0$$Base                      - Undefined Reference
    pwr_mgmt_data0$$Limit                     - Undefined Reference
    pwr_mgmt_data1$$Base                      - Undefined Reference
    pwr_mgmt_data1$$Limit                     - Undefined Reference
    pwr_mgmt_data2$$Base                      - Undefined Reference
    pwr_mgmt_data2$$Limit                     - Undefined Reference
    sdh_ble_observers0$$Base                  - Undefined Reference
    sdh_ble_observers0$$Limit                 - Undefined Reference
    sdh_ble_observers1$$Base                  - Undefined Reference
    sdh_ble_observers1$$Limit                 - Undefined Reference
    sdh_ble_observers2$$Base                  - Undefined Reference
    sdh_ble_observers2$$Limit                 - Undefined Reference
    sdh_req_observers0$$Base                  - Undefined Reference
    sdh_req_observers0$$Limit                 - Undefined Reference
    sdh_req_observers1$$Base                  - Undefined Reference
    sdh_req_observers1$$Limit                 - Undefined Reference
    sdh_soc_observers1$$Base                  - Undefined Reference
    sdh_soc_observers1$$Limit                 - Undefined Reference
    sdh_stack_observers1$$Base                - Undefined Reference
    sdh_stack_observers1$$Limit               - Undefined Reference
    sdh_state_observers1$$Base                - Undefined Reference
    sdh_state_observers1$$Limit               - Undefined Reference
    __Vectors_Size                           0x00000200   Number         0  arm_startup_nrf52.o ABSOLUTE
    __Vectors                                0x00023000   Data           4  arm_startup_nrf52.o(RESET)
    __Vectors_End                            0x00023200   Data           0  arm_startup_nrf52.o(RESET)
    __main                                   0x00023201   Thumb Code     0  entry.o(.ARM.Collect$$$$00000000)
    _main_stk                                0x00023201   Thumb Code     0  entry2.o(.ARM.Collect$$$$00000001)
    _main_scatterload                        0x00023205   Thumb Code     0  entry5.o(.ARM.Collect$$$$00000004)
    __main_after_scatterload                 0x00023209   Thumb Code     0  entry5.o(.ARM.Collect$$$$00000004)
    _main_clock                              0x00023209   Thumb Code     0  entry7b.o(.ARM.Collect$$$$00000008)
    _main_cpp_init                           0x00023209   Thumb Code     0  entry8b.o(.ARM.Collect$$$$0000000A)
    _main_init                               0x00023209   Thumb Code     0  entry9a.o(.ARM.Collect$$$$0000000B)
    __rt_final_cpp                           0x00023211   Thumb Code     0  entry10a.o(.ARM.Collect$$$$0000000D)
    __rt_final_exit                          0x00023211   Thumb Code     0  entry11a.o(.ARM.Collect$$$$0000000F)
    __asm___12_nrf_memobj_c_9bb9f865__nrf_atomic_internal_mov 0x00023215   Thumb Code    24  nrf_memobj.o(.emb_text)
    __asm___12_nrf_memobj_c_9bb9f865__nrf_atomic_internal_orr 0x0002322d   Thumb Code    26  nrf_memobj.o(.emb_text)
    __asm___12_nrf_memobj_c_9bb9f865__nrf_atomic_internal_and 0x00023247   Thumb Code    26  nrf_memobj.o(.emb_text)
    __asm___12_nrf_memobj_c_9bb9f865__nrf_atomic_internal_eor 0x00023261   Thumb Code    26  nrf_memobj.o(.emb_text)
    __asm___12_nrf_memobj_c_9bb9f865__nrf_atomic_internal_add 0x0002327b   Thumb Code    26  nrf_memobj.o(.emb_text)
    __asm___12_nrf_memobj_c_9bb9f865__nrf_atomic_internal_sub 0x00023295   Thumb Code    26  nrf_memobj.o(.emb_text)
    __asm___18_nrf_log_frontend_c_bc460776__nrf_atomic_internal_mov 0x000232b1   Thumb Code    24  nrf_log_frontend.o(.emb_text)
    __asm___18_nrf_log_frontend_c_bc460776__nrf_atomic_internal_orr 0x000232c9   Thumb Code    26  nrf_log_frontend.o(.emb_text)
    __asm___18_nrf_log_frontend_c_bc460776__nrf_atomic_internal_and 0x000232e3   Thumb Code    26  nrf_log_frontend.o(.emb_text)
    __asm___18_nrf_log_frontend_c_bc460776__nrf_atomic_internal_eor 0x000232fd   Thumb Code    26  nrf_log_frontend.o(.emb_text)
    __asm___18_nrf_log_frontend_c_bc460776__nrf_atomic_internal_add 0x00023317   Thumb Code    26  nrf_log_frontend.o(.emb_text)
    __asm___18_nrf_log_frontend_c_bc460776__nrf_atomic_internal_sub 0x00023331   Thumb Code    26  nrf_log_frontend.o(.emb_text)
    Reset_Handler                            0x0002334d   Thumb Code     8  arm_startup_nrf52.o(.text)
    NMI_Handler                              0x00023355   Thumb Code     2  arm_startup_nrf52.o(.text)
    HardFault_Handler                        0x00023357   Thumb Code     2  arm_startup_nrf52.o(.text)
    MemoryManagement_Handler                 0x00023359   Thumb Code     2  arm_startup_nrf52.o(.text)
    BusFault_Handler                         0x0002335b   Thumb Code     2  arm_startup_nrf52.o(.text)
    UsageFault_Handler                       0x0002335d   Thumb Code     2  arm_startup_nrf52.o(.text)
    SVC_Handler                              0x0002335f   Thumb Code     2  arm_startup_nrf52.o(.text)
    DebugMon_Handler                         0x00023361   Thumb Code     2  arm_startup_nrf52.o(.text)
    PendSV_Handler                           0x00023363   Thumb Code     2  arm_startup_nrf52.o(.text)
    SysTick_Handler                          0x00023365   Thumb Code     2  arm_startup_nrf52.o(.text)
    CCM_AAR_IRQHandler                       0x00023367   Thumb Code     0  arm_startup_nrf52.o(.text)
    COMP_LPCOMP_IRQHandler                   0x00023367   Thumb Code     0  arm_startup_nrf52.o(.text)
    ECB_IRQHandler                           0x00023367   Thumb Code     0  arm_startup_nrf52.o(.text)
    FPU_IRQHandler                           0x00023367   Thumb Code     0  arm_startup_nrf52.o(.text)
    I2S_IRQHandler                           0x00023367   Thumb Code     0  arm_startup_nrf52.o(.text)
    MWU_IRQHandler                           0x00023367   Thumb Code     0  arm_startup_nrf52.o(.text)
    NFCT_IRQHandler                          0x00023367   Thumb Code     0  arm_startup_nrf52.o(.text)
    PDM_IRQHandler                           0x00023367   Thumb Code     0  arm_startup_nrf52.o(.text)
    PWM0_IRQHandler                          0x00023367   Thumb Code     0  arm_startup_nrf52.o(.text)
    PWM1_IRQHandler                          0x00023367   Thumb Code     0  arm_startup_nrf52.o(.text)
    PWM2_IRQHandler                          0x00023367   Thumb Code     0  arm_startup_nrf52.o(.text)
    QDEC_IRQHandler                          0x00023367   Thumb Code     0  arm_startup_nrf52.o(.text)
    RADIO_IRQHandler                         0x00023367   Thumb Code     0  arm_startup_nrf52.o(.text)
    RNG_IRQHandler                           0x00023367   Thumb Code     0  arm_startup_nrf52.o(.text)
    RTC0_IRQHandler                          0x00023367   Thumb Code     0  arm_startup_nrf52.o(.text)
    RTC2_IRQHandler                          0x00023367   Thumb Code     0  arm_startup_nrf52.o(.text)
    SAADC_IRQHandler                         0x00023367   Thumb Code     0  arm_startup_nrf52.o(.text)
    SPIM0_SPIS0_TWIM0_TWIS0_SPI0_TWI0_IRQHandler 0x00023367   Thumb Code     0  arm_startup_nrf52.o(.text)
    SPIM1_SPIS1_TWIM1_TWIS1_SPI1_TWI1_IRQHandler 0x00023367   Thumb Code     0  arm_startup_nrf52.o(.text)
    SPIM2_SPIS2_SPI2_IRQHandler              0x00023367   Thumb Code     0  arm_startup_nrf52.o(.text)
    SWI1_EGU1_IRQHandler                     0x00023367   Thumb Code     0  arm_startup_nrf52.o(.text)
    SWI3_EGU3_IRQHandler                     0x00023367   Thumb Code     0  arm_startup_nrf52.o(.text)
    SWI4_EGU4_IRQHandler                     0x00023367   Thumb Code     0  arm_startup_nrf52.o(.text)
    SWI5_EGU5_IRQHandler                     0x00023367   Thumb Code     0  arm_startup_nrf52.o(.text)
    TEMP_IRQHandler                          0x00023367   Thumb Code     0  arm_startup_nrf52.o(.text)
    TIMER0_IRQHandler                        0x00023367   Thumb Code     0  arm_startup_nrf52.o(.text)
    TIMER1_IRQHandler                        0x00023367   Thumb Code     0  arm_startup_nrf52.o(.text)
    TIMER2_IRQHandler                        0x00023367   Thumb Code     0  arm_startup_nrf52.o(.text)
    TIMER3_IRQHandler                        0x00023367   Thumb Code     0  arm_startup_nrf52.o(.text)
    TIMER4_IRQHandler                        0x00023367   Thumb Code     0  arm_startup_nrf52.o(.text)
    WDT_IRQHandler                           0x00023367   Thumb Code     0  arm_startup_nrf52.o(.text)
    __aeabi_uldivmod                         0x00023371   Thumb Code    98  uldiv.o(.text)
    __rt_ctype_table                         0x000233d5   Thumb Code     4  ctype_o.o(.text)
    __aeabi_memcpy                           0x000233dd   Thumb Code    36  memcpya.o(.text)
    __aeabi_memcpy4                          0x000233dd   Thumb Code     0  memcpya.o(.text)
    __aeabi_memcpy8                          0x000233dd   Thumb Code     0  memcpya.o(.text)
    __aeabi_memset                           0x00023401   Thumb Code    14  memseta.o(.text)
    __aeabi_memset4                          0x00023401   Thumb Code     0  memseta.o(.text)
    __aeabi_memset8                          0x00023401   Thumb Code     0  memseta.o(.text)
    __aeabi_memclr                           0x0002340f   Thumb Code     4  memseta.o(.text)
    __aeabi_memclr4                          0x0002340f   Thumb Code     0  memseta.o(.text)
    __aeabi_memclr8                          0x0002340f   Thumb Code     0  memseta.o(.text)
    _memset$wrapper                          0x00023413   Thumb Code    18  memseta.o(.text)
    strlen                                   0x00023425   Thumb Code    14  strlen.o(.text)
    __aeabi_llsl                             0x00023433   Thumb Code    30  llshl.o(.text)
    _ll_shift_l                              0x00023433   Thumb Code     0  llshl.o(.text)
    __aeabi_llsr                             0x00023451   Thumb Code    32  llushr.o(.text)
    _ll_ushift_r                             0x00023451   Thumb Code     0  llushr.o(.text)
    __scatterload                            0x00023471   Thumb Code    28  init.o(.text)
    __scatterload_rt2                        0x00023471   Thumb Code     0  init.o(.text)
    GPIOTE_IRQHandler                        0x00023495   Thumb Code   362  nrf_drv_gpiote.o(i.GPIOTE_IRQHandler)
    POWER_CLOCK_IRQHandler                   0x0002366d   Thumb Code    84  nrf_drv_clock.o(i.POWER_CLOCK_IRQHandler)
    RTC1_IRQHandler                          0x000236c5   Thumb Code    32  app_timer.o(i.RTC1_IRQHandler)
    SWI0_EGU0_IRQHandler                     0x000236e9   Thumb Code     4  app_timer.o(i.SWI0_EGU0_IRQHandler)
    SWI2_EGU2_IRQHandler                     0x000236ed   Thumb Code     4  nrf_sdh.o(i.SWI2_EGU2_IRQHandler)
    SystemInit                               0x000236f1   Thumb Code   700  system_nrf52.o(i.SystemInit)
    UARTE0_UART0_IRQHandler                  0x000239ed   Thumb Code    20  nrf_drv_uart.o(i.UARTE0_UART0_IRQHandler)
    __scatterload_copy                       0x00023a09   Thumb Code    14  handlers.o(i.__scatterload_copy)
    __scatterload_null                       0x00023a17   Thumb Code     2  handlers.o(i.__scatterload_null)
    __scatterload_zeroinit                   0x00023a19   Thumb Code    14  handlers.o(i.__scatterload_zeroinit)
    app_button_enable                        0x00023ac5   Thumb Code    32  app_button.o(i.app_button_enable)
    app_button_init                          0x00023ae9   Thumb Code    96  app_button.o(i.app_button_init)
    app_error_fault_handler                  0x00023b59   Thumb Code    80  app_error_weak.o(i.app_error_fault_handler)
    app_error_handler_bare                   0x00023bd1   Thumb Code    22  app_error.o(i.app_error_handler_bare)
    app_timer_create                         0x00023be9   Thumb Code    32  app_timer.o(i.app_timer_create)
    app_timer_init                           0x00023c0d   Thumb Code    70  app_timer.o(i.app_timer_init)
    app_timer_start                          0x00023c61   Thumb Code   128  app_timer.o(i.app_timer_start)
    app_timer_stop                           0x00023ce9   Thumb Code    26  app_timer.o(i.app_timer_stop)
    app_util_critical_region_enter           0x00023d09   Thumb Code    64  app_util_platform.o(i.app_util_critical_region_enter)
    app_util_critical_region_exit            0x00023d51   Thumb Code    46  app_util_platform.o(i.app_util_critical_region_exit)
    ble_advdata_encode                       0x00023e3d   Thumb Code   386  ble_advdata.o(i.ble_advdata_encode)
    ble_advdata_set                          0x00023fbf   Thumb Code   104  ble_advdata.o(i.ble_advdata_set)
    bsp_board_led_invert                     0x00024089   Thumb Code    32  boards.o(i.bsp_board_led_invert)
    bsp_board_led_off                        0x000240ad   Thumb Code    10  boards.o(i.bsp_board_led_off)
    bsp_board_led_on                         0x000240bd   Thumb Code    10  boards.o(i.bsp_board_led_on)
    bsp_board_led_state_get                  0x000240cd   Thumb Code    28  boards.o(i.bsp_board_led_state_get)
    bsp_board_leds_init                      0x000240ed   Thumb Code    38  boards.o(i.bsp_board_leds_init)
    bsp_board_leds_off                       0x00024119   Thumb Code    18  boards.o(i.bsp_board_leds_off)
    bsp_board_leds_on                        0x0002412b   Thumb Code    18  boards.o(i.bsp_board_leds_on)
    bsp_board_pin_to_button_idx              0x0002413d   Thumb Code    30  boards.o(i.bsp_board_pin_to_button_idx)
    bsp_event_to_button_action_assign        0x000241f1   Thumb Code    64  bsp.o(i.bsp_event_to_button_action_assign)
    bsp_indication_set                       0x00024235   Thumb Code    20  bsp.o(i.bsp_indication_set)
    bsp_init                                 0x0002424d   Thumb Code   126  bsp.o(i.bsp_init)
    buffer_is_empty                          0x00024511   Thumb Code    16  nrf_log_frontend.o(i.buffer_is_empty)
    main                                     0x00024b09   Thumb Code   148  main.o(i.main)
    nrf_balloc_alloc                         0x00024d87   Thumb Code    68  nrf_balloc.o(i.nrf_balloc_alloc)
    nrf_balloc_free                          0x00024dcb   Thumb Code    48  nrf_balloc.o(i.nrf_balloc_free)
    nrf_balloc_init                          0x00024dfb   Thumb Code    48  nrf_balloc.o(i.nrf_balloc_init)
    nrf_drv_clock_init                       0x00024ee5   Thumb Code    64  nrf_drv_clock.o(i.nrf_drv_clock_init)
    nrf_drv_clock_lfclk_release              0x00024f2d   Thumb Code    40  nrf_drv_clock.o(i.nrf_drv_clock_lfclk_release)
    nrf_drv_common_irq_enable                0x00024f6f   Thumb Code    56  nrf_drv_common.o(i.nrf_drv_common_irq_enable)
    nrf_drv_gpiote_in_event_enable           0x00024fad   Thumb Code   156  nrf_drv_gpiote.o(i.nrf_drv_gpiote_in_event_enable)
    nrf_drv_gpiote_in_init                   0x00025051   Thumb Code   172  nrf_drv_gpiote.o(i.nrf_drv_gpiote_in_init)
    nrf_drv_gpiote_in_is_set                 0x00025109   Thumb Code    20  nrf_drv_gpiote.o(i.nrf_drv_gpiote_in_is_set)
    nrf_drv_gpiote_init                      0x0002511d   Thumb Code    84  nrf_drv_gpiote.o(i.nrf_drv_gpiote_init)
    nrf_drv_gpiote_is_init                   0x00025179   Thumb Code    14  nrf_drv_gpiote.o(i.nrf_drv_gpiote_is_init)
    nrf_drv_uart_init                        0x0002519d   Thumb Code    98  nrf_drv_uart.o(i.nrf_drv_uart_init)
    nrf_drv_uart_tx                          0x00025205   Thumb Code   262  nrf_drv_uart.o(i.nrf_drv_uart_tx)
    nrf_drv_uart_tx_in_progress              0x00025311   Thumb Code    18  nrf_drv_uart.o(i.nrf_drv_uart_tx_in_progress)
    nrf_drv_uart_uninit                      0x00025329   Thumb Code    74  nrf_drv_uart.o(i.nrf_drv_uart_uninit)
    nrf_fprintf                              0x0002537d   Thumb Code    26  nrf_fprintf.o(i.nrf_fprintf)
    nrf_fprintf_buffer_flush                 0x00025397   Thumb Code    24  nrf_fprintf.o(i.nrf_fprintf_buffer_flush)
    nrf_fprintf_fmt                          0x000253af   Thumb Code   474  nrf_fprintf_format.o(i.nrf_fprintf_fmt)
    nrf_log_backend_add                      0x000256b1   Thumb Code   100  nrf_log_frontend.o(i.nrf_log_backend_add)
    nrf_log_backend_serial_put               0x00025719   Thumb Code   210  nrf_log_backend_serial.o(i.nrf_log_backend_serial_put)
    nrf_log_backend_uart_init                0x000257ed   Thumb Code     6  nrf_log_backend_uart.o(i.nrf_log_backend_uart_init)
    nrf_log_color_id_get                     0x00025825   Thumb Code    34  nrf_log_frontend.o(i.nrf_log_color_id_get)
    nrf_log_default_backends_init            0x0002584d   Thumb Code    22  nrf_log_default_backends.o(i.nrf_log_default_backends_init)
    nrf_log_frontend_dequeue                 0x00025869   Thumb Code   414  nrf_log_frontend.o(i.nrf_log_frontend_dequeue)
    nrf_log_frontend_std_0                   0x00025a15   Thumb Code     8  nrf_log_frontend.o(i.nrf_log_frontend_std_0)
    nrf_log_frontend_std_1                   0x00025a1d   Thumb Code    14  nrf_log_frontend.o(i.nrf_log_frontend_std_1)
    nrf_log_hexdump_entry_process            0x00025a2d   Thumb Code   146  nrf_log_str_formatter.o(i.nrf_log_hexdump_entry_process)
    nrf_log_init                             0x00025ad9   Thumb Code    70  nrf_log_frontend.o(i.nrf_log_init)
    nrf_log_module_cnt_get                   0x00025b35   Thumb Code    10  nrf_log_frontend.o(i.nrf_log_module_cnt_get)
    nrf_log_module_filter_get                0x00025b49   Thumb Code    32  nrf_log_frontend.o(i.nrf_log_module_filter_get)
    nrf_log_module_name_get                  0x00025b6d   Thumb Code    24  nrf_log_frontend.o(i.nrf_log_module_name_get)
    nrf_log_panic                            0x00025b89   Thumb Code    34  nrf_log_frontend.o(i.nrf_log_panic)
    nrf_log_std_entry_process                0x00025bb1   Thumb Code   182  nrf_log_str_formatter.o(i.nrf_log_std_entry_process)
    nrf_memobj_alloc                         0x00025c67   Thumb Code    96  nrf_memobj.o(i.nrf_memobj_alloc)
    nrf_memobj_free                          0x00025cc7   Thumb Code    50  nrf_memobj.o(i.nrf_memobj_free)
    nrf_memobj_get                           0x00025cf9   Thumb Code    14  nrf_memobj.o(i.nrf_memobj_get)
    nrf_memobj_pool_init                     0x00025d07   Thumb Code     4  nrf_memobj.o(i.nrf_memobj_pool_init)
    nrf_memobj_put                           0x00025d0b   Thumb Code    34  nrf_memobj.o(i.nrf_memobj_put)
    nrf_memobj_read                          0x00025d2d   Thumb Code    12  nrf_memobj.o(i.nrf_memobj_read)
    nrf_memobj_write                         0x00025d39   Thumb Code    12  nrf_memobj.o(i.nrf_memobj_write)
    nrf_sdh_ble_app_ram_start_get            0x00025d45   Thumb Code    16  nrf_sdh_ble.o(i.nrf_sdh_ble_app_ram_start_get)
    nrf_sdh_ble_default_cfg_set              0x00025d59   Thumb Code   236  nrf_sdh_ble.o(i.nrf_sdh_ble_default_cfg_set)
    nrf_sdh_ble_enable                       0x00025e61   Thumb Code    92  nrf_sdh_ble.o(i.nrf_sdh_ble_enable)
    nrf_sdh_enable_request                   0x00025f81   Thumb Code    74  nrf_sdh.o(i.nrf_sdh_enable_request)
    nrf_sdh_evts_poll                        0x00025fd9   Thumb Code    32  nrf_sdh.o(i.nrf_sdh_evts_poll)
    nrf_sdh_is_enabled                       0x00025ffd   Thumb Code     6  nrf_sdh.o(i.nrf_sdh_is_enabled)
    nrf_section_iter_init                    0x00026045   Thumb Code    10  nrf_section_iter.o(i.nrf_section_iter_init)
    nrf_section_iter_next                    0x00026073   Thumb Code    32  nrf_section_iter.o(i.nrf_section_iter_next)
    nrf_strerror_find                        0x00026095   Thumb Code    52  nrf_strerror.o(i.nrf_strerror_find)
    nrf_strerror_get                         0x000260cd   Thumb Code    14  nrf_strerror.o(i.nrf_strerror_get)
    nrf_log_backend_uart_api                 0x00026ce4   Data          12  nrf_log_backend_uart.o(.constdata)
    m_ram_start                              0x00026d94   Data           4  nrf_sdh_ble.o(.constdata)
    __ctype_table                            0x00026dc4   Data         129  ctype_o.o(.constdata)
    Region$$Table$$Base                      0x00027394   Number         0  anon$$obj.o(Region$$Table)
    Region$$Table$$Limit                     0x000273b4   Number         0  anon$$obj.o(Region$$Table)
    log_const_data$$Base                     0x000273b4   Number         0  nrf_drv_clock.o(log_const_data)
    m_nrf_log_clock_logs_data_const          0x000273b4   Data           8  nrf_drv_clock.o(log_const_data)
    m_nrf_log_gpiote_logs_data_const         0x000273bc   Data           8  nrf_drv_gpiote.o(log_const_data)
    m_nrf_log_uart_logs_data_const           0x000273c4   Data           8  nrf_drv_uart.o(log_const_data)
    m_nrf_log_balloc_logs_data_const         0x000273cc   Data           8  nrf_balloc.o(log_const_data)
    m_nrf_log_pwr_mgmt_logs_data_const       0x000273d4   Data           8  nrf_pwr_mgmt.o(log_const_data)
    m_nrf_log_app_logs_data_const            0x000273dc   Data           8  nrf_log_frontend.o(log_const_data)
    m_nrf_log_nrf_sdh_logs_data_const        0x000273e4   Data           8  nrf_sdh.o(log_const_data)
    m_nrf_log_nrf_sdh_ble_logs_data_const    0x000273ec   Data           8  nrf_sdh_ble.o(log_const_data)
    m_nrf_log_nrf_sdh_soc_logs_data_const    0x000273f4   Data           8  nrf_sdh_soc.o(log_const_data)
    log_const_data$$Limit                    0x000273fc   Number         0  nrf_sdh_soc.o(log_const_data)
    sdh_soc_observers0$$Base                 0x000273fc   Number         0  nrf_drv_clock.o(sdh_soc_observers0)
    sdh_soc_observers0$$Limit                0x00027404   Number         0  nrf_drv_clock.o(sdh_soc_observers0)
    sdh_stack_observers0$$Base               0x00027404   Number         0  nrf_sdh_ble.o(sdh_stack_observers0)
    sdh_stack_observers0$$Limit              0x00027414   Number         0  nrf_sdh_soc.o(sdh_stack_observers0)
    sdh_state_observers0$$Base               0x00027414   Number         0  nrf_drv_clock.o(sdh_state_observers0)
    sdh_state_observers0$$Limit              0x0002741c   Number         0  nrf_drv_clock.o(sdh_state_observers0)
    Image$$RW_IRAM1$$Base                    0x20001720   Number         0  anon$$obj.o ABSOLUTE
    m_uart                                   0x20001770   Data           8  nrf_log_backend_uart.o(.data)
    SystemCoreClock                          0x200017d0   Data           4  system_nrf52.o(.data)
    log_dynamic_data$$Base                   0x200017d4   Number         0  nrf_drv_clock.o(log_dynamic_data)
    m_nrf_log_clock_logs_data_dynamic        0x200017d4   Data          12  nrf_drv_clock.o(log_dynamic_data)
    m_nrf_log_gpiote_logs_data_dynamic       0x200017e0   Data          12  nrf_drv_gpiote.o(log_dynamic_data)
    m_nrf_log_uart_logs_data_dynamic         0x200017ec   Data          12  nrf_drv_uart.o(log_dynamic_data)
    m_nrf_log_balloc_logs_data_dynamic       0x200017f8   Data          12  nrf_balloc.o(log_dynamic_data)
    m_nrf_log_pwr_mgmt_logs_data_dynamic     0x20001804   Data          12  nrf_pwr_mgmt.o(log_dynamic_data)
    m_nrf_log_app_logs_data_dynamic          0x20001810   Data          12  nrf_log_frontend.o(log_dynamic_data)
    m_nrf_log_nrf_sdh_logs_data_dynamic      0x2000181c   Data          12  nrf_sdh.o(log_dynamic_data)
    m_nrf_log_nrf_sdh_ble_logs_data_dynamic  0x20001828   Data          12  nrf_sdh_ble.o(log_dynamic_data)
    m_nrf_log_nrf_sdh_soc_logs_data_dynamic  0x20001834   Data          12  nrf_sdh_soc.o(log_dynamic_data)
    nrf_nvic_state                           0x20001a74   Data          12  app_util_platform.o(.bss)
    __initial_sp                             0x20003fa0   Data           0  arm_startup_nrf52.o(STACK)



==============================================================================

Memory Map of the image

  Image Entry point : 0x00023201

  Load Region LR_IROM1 (Base: 0x00023000, Size: 0x0000453c, Max: 0x0005d000, ABSOLUTE)

    Execution Region ER_IROM1 (Base: 0x00023000, Size: 0x0000441c, Max: 0x0005d000, ABSOLUTE)

    Base Addr    Size         Type   Attr      Idx    E Section Name        Object

    0x00023000   0x00000200   Data   RO         3157    RESET               arm_startup_nrf52.o
    0x00023200   0x00000000   Code   RO         3198  * .ARM.Collect$$$$00000000  mc_w.l(entry.o)
    0x00023200   0x00000004   Code   RO         3241    .ARM.Collect$$$$00000001  mc_w.l(entry2.o)
    0x00023204   0x00000004   Code   RO         3244    .ARM.Collect$$$$00000004  mc_w.l(entry5.o)
    0x00023208   0x00000000   Code   RO         3246    .ARM.Collect$$$$00000008  mc_w.l(entry7b.o)
    0x00023208   0x00000000   Code   RO         3248    .ARM.Collect$$$$0000000A  mc_w.l(entry8b.o)
    0x00023208   0x00000008   Code   RO         3249    .ARM.Collect$$$$0000000B  mc_w.l(entry9a.o)
    0x00023210   0x00000000   Code   RO         3251    .ARM.Collect$$$$0000000D  mc_w.l(entry10a.o)
    0x00023210   0x00000000   Code   RO         3253    .ARM.Collect$$$$0000000F  mc_w.l(entry11a.o)
    0x00023210   0x00000004   Code   RO         3242    .ARM.Collect$$$$00002712  mc_w.l(entry2.o)
    0x00023214   0x0000009a   Code   RO         2035    .emb_text           nrf_memobj.o
    0x000232ae   0x00000002   PAD
    0x000232b0   0x0000009a   Code   RO         2474    .emb_text           nrf_log_frontend.o
    0x0002334a   0x00000002   PAD
    0x0002334c   0x00000024   Code   RO         3158    .text               arm_startup_nrf52.o
    0x00023370   0x00000062   Code   RO         3201    .text               mc_w.l(uldiv.o)
    0x000233d2   0x00000002   PAD
    0x000233d4   0x00000008   Code   RO         3203    .text               mc_w.l(ctype_o.o)
    0x000233dc   0x00000024   Code   RO         3231    .text               mc_w.l(memcpya.o)
    0x00023400   0x00000024   Code   RO         3233    .text               mc_w.l(memseta.o)
    0x00023424   0x0000000e   Code   RO         3235    .text               mc_w.l(strlen.o)
    0x00023432   0x0000001e   Code   RO         3255    .text               mc_w.l(llshl.o)
    0x00023450   0x00000020   Code   RO         3257    .text               mc_w.l(llushr.o)
    0x00023470   0x00000024   Code   RO         3259    .text               mc_w.l(init.o)
    0x00023494   0x00000174   Code   RO          888    i.GPIOTE_IRQHandler  nrf_drv_gpiote.o
    0x00023608   0x00000016   Code   RO         1556    i.NVIC_ClearPendingIRQ  app_timer.o
    0x0002361e   0x00000016   Code   RO         1557    i.NVIC_EnableIRQ    app_timer.o
    0x00023634   0x00000016   Code   RO         1558    i.NVIC_SetPendingIRQ  app_timer.o
    0x0002364a   0x00000020   Code   RO         1559    i.NVIC_SetPriority  app_timer.o
    0x0002366a   0x00000002   PAD
    0x0002366c   0x00000058   Code   RO          669    i.POWER_CLOCK_IRQHandler  nrf_drv_clock.o
    0x000236c4   0x00000024   Code   RO         1560    i.RTC1_IRQHandler   app_timer.o
    0x000236e8   0x00000004   Code   RO         1561    i.SWI0_EGU0_IRQHandler  app_timer.o
    0x000236ec   0x00000004   Code   RO         2949    i.SWI2_EGU2_IRQHandler  nrf_sdh.o
    0x000236f0   0x000002fc   Code   RO         3166    i.SystemInit        system_nrf52.o
    0x000239ec   0x0000001c   Code   RO         1138    i.UARTE0_UART0_IRQHandler  nrf_drv_uart.o
    0x00023a08   0x0000000e   Code   RO         3263    i.__scatterload_copy  mc_w.l(handlers.o)
    0x00023a16   0x00000002   Code   RO         3264    i.__scatterload_null  mc_w.l(handlers.o)
    0x00023a18   0x0000000e   Code   RO         3265    i.__scatterload_zeroinit  mc_w.l(handlers.o)
    0x00023a26   0x00000002   PAD
    0x00023a28   0x00000024   Code   RO         2950    i.__sd_nvic_app_accessible_irq  nrf_sdh.o
    0x00023a4c   0x00000070   Code   RO            4    i.advertising_init  main.o
    0x00023abc   0x00000006   Code   RO          355    i.alert_timer_handler  bsp.o
    0x00023ac2   0x00000002   PAD
    0x00023ac4   0x00000024   Code   RO         1370    i.app_button_enable  app_button.o
    0x00023ae8   0x00000070   Code   RO         1371    i.app_button_init   app_button.o
    0x00023b58   0x00000078   Code   RO         1471    i.app_error_fault_handler  app_error_weak.o
    0x00023bd0   0x00000016   Code   RO         1432    i.app_error_handler_bare  app_error.o
    0x00023be6   0x00000002   PAD
    0x00023be8   0x00000024   Code   RO         1564    i.app_timer_create  app_timer.o
    0x00023c0c   0x00000054   Code   RO         1565    i.app_timer_init    app_timer.o
    0x00023c60   0x00000088   Code   RO         1568    i.app_timer_start   app_timer.o
    0x00023ce8   0x00000020   Code   RO         1569    i.app_timer_stop    app_timer.o
    0x00023d08   0x00000048   Code   RO         1725    i.app_util_critical_region_enter  app_util_platform.o
    0x00023d50   0x00000034   Code   RO         1726    i.app_util_critical_region_exit  app_util_platform.o
    0x00023d84   0x000000b8   Code   RO         1139    i.apply_config      nrf_drv_uart.o
    0x00023e3c   0x00000182   Code   RO          511    i.ble_advdata_encode  ble_advdata.o
    0x00023fbe   0x00000068   Code   RO          512    i.ble_advdata_set   ble_advdata.o
    0x00024026   0x00000060   Code   RO          513    i.ble_device_addr_encode  ble_advdata.o
    0x00024086   0x00000002   PAD
    0x00024088   0x00000024   Code   RO          250    i.bsp_board_led_invert  boards.o
    0x000240ac   0x00000010   Code   RO          251    i.bsp_board_led_off  boards.o
    0x000240bc   0x00000010   Code   RO          252    i.bsp_board_led_on  boards.o
    0x000240cc   0x00000020   Code   RO          253    i.bsp_board_led_state_get  boards.o
    0x000240ec   0x0000002c   Code   RO          254    i.bsp_board_leds_init  boards.o
    0x00024118   0x00000012   Code   RO          255    i.bsp_board_leds_off  boards.o
    0x0002412a   0x00000012   Code   RO          256    i.bsp_board_leds_on  boards.o
    0x0002413c   0x00000024   Code   RO          257    i.bsp_board_pin_to_button_idx  boards.o
    0x00024160   0x00000090   Code   RO          356    i.bsp_button_event_handler  bsp.o
    0x000241f0   0x00000044   Code   RO          360    i.bsp_event_to_button_action_assign  bsp.o
    0x00024234   0x00000018   Code   RO          361    i.bsp_indication_set  bsp.o
    0x0002424c   0x00000094   Code   RO          362    i.bsp_init          bsp.o
    0x000242e0   0x000001b8   Code   RO          363    i.bsp_led_indication  bsp.o
    0x00024498   0x00000058   Code   RO         2475    i.buf_prealloc      nrf_log_frontend.o
    0x000244f0   0x0000001e   Code   RO         1995    i.buffer_add        nrf_fprintf_format.o
    0x0002450e   0x00000002   PAD
    0x00024510   0x00000014   Code   RO         2476    i.buffer_is_empty   nrf_log_frontend.o
    0x00024524   0x00000008   Code   RO          366    i.button_timer_handler  bsp.o
    0x0002452c   0x0000001c   Code   RO          889    i.channel_free      nrf_drv_gpiote.o
    0x00024548   0x00000048   Code   RO          890    i.channel_port_alloc  nrf_drv_gpiote.o
    0x00024590   0x00000010   Code   RO          891    i.channel_port_get  nrf_drv_gpiote.o
    0x000245a0   0x00000028   Code   RO          670    i.clock_clk_started_notify  nrf_drv_clock.o
    0x000245c8   0x000000ac   Code   RO         1571    i.compare_reg_update  app_timer.o
    0x00024674   0x00000088   Code   RO          514    i.conn_int_encode   ble_advdata.o
    0x000246fc   0x00000060   Code   RO         1373    i.detection_delay_timeout_handler  app_button.o
    0x0002475c   0x00000040   Code   RO         1572    i.elapsed_ticks_acquire  app_timer.o
    0x0002479c   0x00000058   Code   RO         1374    i.gpiote_event_handler  app_button.o
    0x000247f4   0x000000a6   Code   RO         1996    i.int_print         nrf_fprintf_format.o
    0x0002489a   0x00000002   PAD
    0x0002489c   0x00000078   Code   RO         1140    i.interrupts_enable  nrf_drv_uart.o
    0x00024914   0x00000030   Code   RO          367    i.leds_off          bsp.o
    0x00024944   0x00000014   Code   RO          368    i.leds_timer_handler  bsp.o
    0x00024958   0x00000028   Code   RO          673    i.lfclk_stop        nrf_drv_clock.o
    0x00024980   0x000000f8   Code   RO         1573    i.list_insertions_handler  app_timer.o
    0x00024a78   0x00000090   Code   RO         2478    i.log_skip          nrf_log_frontend.o
    0x00024b08   0x000000b4   Code   RO            6    i.main              main.o
    0x00024bbc   0x00000064   Code   RO          515    i.manuf_specific_data_encode  ble_advdata.o
    0x00024c20   0x00000076   Code   RO         2036    i.memobj_op         nrf_memobj.o
    0x00024c96   0x00000002   PAD
    0x00024c98   0x00000038   Code   RO         2479    i.module_idx_get    nrf_log_frontend.o
    0x00024cd0   0x0000009c   Code   RO          516    i.name_encode       ble_advdata.o
    0x00024d6c   0x0000000c   Code   RO         2480    i.nrf_atomic_flag_clear_fetch  nrf_log_frontend.o
    0x00024d78   0x0000000e   Code   RO         2481    i.nrf_atomic_flag_set  nrf_log_frontend.o
    0x00024d86   0x00000044   Code   RO         1911    i.nrf_balloc_alloc  nrf_balloc.o
    0x00024dca   0x00000030   Code   RO         1912    i.nrf_balloc_free   nrf_balloc.o
    0x00024dfa   0x00000030   Code   RO         1913    i.nrf_balloc_init   nrf_balloc.o
    0x00024e2a   0x00000010   Code   RO          892    i.nrf_bitmask_bit_is_set  nrf_drv_gpiote.o
    0x00024e3a   0x0000000e   Code   RO          674    i.nrf_clock_event_check  nrf_drv_clock.o
    0x00024e48   0x00000010   Code   RO          675    i.nrf_clock_event_clear  nrf_drv_clock.o
    0x00024e58   0x0000008c   Code   RO         1574    i.nrf_delay_us      app_timer.o
    0x00024ee4   0x00000048   Code   RO          682    i.nrf_drv_clock_init  nrf_drv_clock.o
    0x00024f2c   0x0000002c   Code   RO          686    i.nrf_drv_clock_lfclk_release  nrf_drv_clock.o
    0x00024f58   0x00000016   Code   RO         1141    i.nrf_drv_common_irq_disable  nrf_drv_uart.o
    0x00024f6e   0x00000038   Code   RO          852    i.nrf_drv_common_irq_enable  nrf_drv_common.o
    0x00024fa6   0x00000006   Code   RO         1142    i.nrf_drv_get_IRQn  nrf_drv_uart.o
    0x00024fac   0x000000a4   Code   RO          897    i.nrf_drv_gpiote_in_event_enable  nrf_drv_gpiote.o
    0x00025050   0x000000b8   Code   RO          898    i.nrf_drv_gpiote_in_init  nrf_drv_gpiote.o
    0x00025108   0x00000014   Code   RO          899    i.nrf_drv_gpiote_in_is_set  nrf_drv_gpiote.o
    0x0002511c   0x0000005c   Code   RO          901    i.nrf_drv_gpiote_init  nrf_drv_gpiote.o
    0x00025178   0x00000014   Code   RO          902    i.nrf_drv_gpiote_is_init  nrf_drv_gpiote.o
    0x0002518c   0x00000010   Code   RO         1143    i.nrf_drv_is_in_RAM  nrf_drv_uart.o
    0x0002519c   0x00000068   Code   RO         1145    i.nrf_drv_uart_init  nrf_drv_uart.o
    0x00025204   0x0000010c   Code   RO         1153    i.nrf_drv_uart_tx   nrf_drv_uart.o
    0x00025310   0x00000018   Code   RO         1155    i.nrf_drv_uart_tx_in_progress  nrf_drv_uart.o
    0x00025328   0x00000054   Code   RO         1156    i.nrf_drv_uart_uninit  nrf_drv_uart.o
    0x0002537c   0x0000001a   Code   RO         1952    i.nrf_fprintf       nrf_fprintf.o
    0x00025396   0x00000018   Code   RO         1953    i.nrf_fprintf_buffer_flush  nrf_fprintf.o
    0x000253ae   0x000001da   Code   RO         1997    i.nrf_fprintf_fmt   nrf_fprintf_format.o
    0x00025588   0x00000024   Code   RO          259    i.nrf_gpio_cfg      boards.o
    0x000255ac   0x00000024   Code   RO          916    i.nrf_gpio_cfg      nrf_drv_gpiote.o
    0x000255d0   0x00000024   Code   RO         1157    i.nrf_gpio_cfg      nrf_drv_uart.o
    0x000255f4   0x00000012   Code   RO         1158    i.nrf_gpio_cfg_default  nrf_drv_uart.o
    0x00025606   0x00000012   Code   RO         1159    i.nrf_gpio_cfg_input  nrf_drv_uart.o
    0x00025618   0x00000014   Code   RO         1160    i.nrf_gpio_cfg_output  nrf_drv_uart.o
    0x0002562c   0x00000022   Code   RO          918    i.nrf_gpio_cfg_sense_set  nrf_drv_gpiote.o
    0x0002564e   0x00000016   Code   RO          260    i.nrf_gpio_pin_write  boards.o
    0x00025664   0x00000028   Code   RO          919    i.nrf_gpio_ports_read  nrf_drv_gpiote.o
    0x0002568c   0x00000014   Code   RO          920    i.nrf_gpiote_event_clear  nrf_drv_gpiote.o
    0x000256a0   0x00000010   Code   RO          921    i.nrf_gpiote_event_is_set  nrf_drv_gpiote.o
    0x000256b0   0x00000068   Code   RO         2482    i.nrf_log_backend_add  nrf_log_frontend.o
    0x00025718   0x000000d2   Code   RO         2335    i.nrf_log_backend_serial_put  nrf_log_backend_serial.o
    0x000257ea   0x00000002   Code   RO         2369    i.nrf_log_backend_uart_flush  nrf_log_backend_uart.o
    0x000257ec   0x00000006   Code   RO         2370    i.nrf_log_backend_uart_init  nrf_log_backend_uart.o
    0x000257f2   0x00000002   PAD
    0x000257f4   0x00000018   Code   RO         2371    i.nrf_log_backend_uart_panic_set  nrf_log_backend_uart.o
    0x0002580c   0x00000018   Code   RO         2372    i.nrf_log_backend_uart_put  nrf_log_backend_uart.o
    0x00025824   0x00000028   Code   RO         2484    i.nrf_log_color_id_get  nrf_log_frontend.o
    0x0002584c   0x0000001c   Code   RO         2441    i.nrf_log_default_backends_init  nrf_log_default_backends.o
    0x00025868   0x000001ac   Code   RO         2485    i.nrf_log_frontend_dequeue  nrf_log_frontend.o
    0x00025a14   0x00000008   Code   RO         2487    i.nrf_log_frontend_std_0  nrf_log_frontend.o
    0x00025a1c   0x0000000e   Code   RO         2488    i.nrf_log_frontend_std_1  nrf_log_frontend.o
    0x00025a2a   0x00000002   PAD
    0x00025a2c   0x000000ac   Code   RO         2669    i.nrf_log_hexdump_entry_process  nrf_log_str_formatter.o
    0x00025ad8   0x0000005c   Code   RO         2494    i.nrf_log_init      nrf_log_frontend.o
    0x00025b34   0x00000014   Code   RO         2495    i.nrf_log_module_cnt_get  nrf_log_frontend.o
    0x00025b48   0x00000024   Code   RO         2496    i.nrf_log_module_filter_get  nrf_log_frontend.o
    0x00025b6c   0x0000001c   Code   RO         2498    i.nrf_log_module_name_get  nrf_log_frontend.o
    0x00025b88   0x00000028   Code   RO         2499    i.nrf_log_panic     nrf_log_frontend.o
    0x00025bb0   0x000000b6   Code   RO         2670    i.nrf_log_std_entry_process  nrf_log_str_formatter.o
    0x00025c66   0x00000060   Code   RO         2037    i.nrf_memobj_alloc  nrf_memobj.o
    0x00025cc6   0x00000032   Code   RO         2038    i.nrf_memobj_free   nrf_memobj.o
    0x00025cf8   0x0000000e   Code   RO         2039    i.nrf_memobj_get    nrf_memobj.o
    0x00025d06   0x00000004   Code   RO         2040    i.nrf_memobj_pool_init  nrf_memobj.o
    0x00025d0a   0x00000022   Code   RO         2041    i.nrf_memobj_put    nrf_memobj.o
    0x00025d2c   0x0000000c   Code   RO         2042    i.nrf_memobj_read   nrf_memobj.o
    0x00025d38   0x0000000c   Code   RO         2043    i.nrf_memobj_write  nrf_memobj.o
    0x00025d44   0x00000014   Code   RO         3076    i.nrf_sdh_ble_app_ram_start_get  nrf_sdh_ble.o
    0x00025d58   0x00000108   Code   RO         3077    i.nrf_sdh_ble_default_cfg_set  nrf_sdh_ble.o
    0x00025e60   0x000000d0   Code   RO         3078    i.nrf_sdh_ble_enable  nrf_sdh_ble.o
    0x00025f30   0x00000050   Code   RO         3079    i.nrf_sdh_ble_evts_poll  nrf_sdh_ble.o
    0x00025f80   0x00000058   Code   RO         2952    i.nrf_sdh_enable_request  nrf_sdh.o
    0x00025fd8   0x00000024   Code   RO         2953    i.nrf_sdh_evts_poll  nrf_sdh.o
    0x00025ffc   0x0000000c   Code   RO         2954    i.nrf_sdh_is_enabled  nrf_sdh.o
    0x00026008   0x0000003c   Code   RO         3126    i.nrf_sdh_soc_evts_poll  nrf_sdh_soc.o
    0x00026044   0x0000000a   Code   RO         2203    i.nrf_section_iter_init  nrf_section_iter.o
    0x0002604e   0x00000024   Code   RO         2204    i.nrf_section_iter_item_set  nrf_section_iter.o
    0x00026072   0x00000020   Code   RO         2205    i.nrf_section_iter_next  nrf_section_iter.o
    0x00026092   0x00000002   PAD
    0x00026094   0x00000038   Code   RO         2238    i.nrf_strerror_find  nrf_strerror.o
    0x000260cc   0x00000014   Code   RO         2239    i.nrf_strerror_get  nrf_strerror.o
    0x000260e0   0x0000000a   Code   RO         1161    i.nrf_uart_event_check  nrf_drv_uart.o
    0x000260ea   0x0000000c   Code   RO         1162    i.nrf_uart_event_clear  nrf_drv_uart.o
    0x000260f6   0x0000000c   Code   RO         1163    i.nrf_uart_int_enable_check  nrf_drv_uart.o
    0x00026102   0x0000000a   Code   RO         1164    i.nrf_uarte_event_check  nrf_drv_uart.o
    0x0002610c   0x0000000c   Code   RO         1165    i.nrf_uarte_event_clear  nrf_drv_uart.o
    0x00026118   0x00000018   Code   RO          922    i.pin_in_use_by_port  nrf_drv_gpiote.o
    0x00026130   0x00000018   Code   RO          923    i.pin_in_use_by_te  nrf_drv_gpiote.o
    0x00026148   0x00000078   Code   RO         1166    i.pins_to_default   nrf_drv_uart.o
    0x000261c0   0x0000003c   Code   RO         2671    i.postfix_process   nrf_log_str_formatter.o
    0x000261fc   0x0000005c   Code   RO         2672    i.prefix_process    nrf_log_str_formatter.o
    0x00026258   0x0000003c   Code   RO         1575    i.rtc1_stop         app_timer.o
    0x00026294   0x00000032   Code   RO         1167    i.rx_byte           nrf_drv_uart.o
    0x000262c6   0x00000018   Code   RO         1168    i.rx_done_event     nrf_drv_uart.o
    0x000262de   0x00000002   PAD
    0x000262e0   0x00000070   Code   RO         2960    i.sd_nvic_EnableIRQ  nrf_sdh.o
    0x00026350   0x00000054   Code   RO          689    i.sd_state_evt_handler  nrf_drv_clock.o
    0x000263a4   0x00000030   Code   RO         2961    i.sdh_request_observer_notify  nrf_sdh.o
    0x000263d4   0x0000002c   Code   RO         2962    i.sdh_state_observer_notify  nrf_sdh.o
    0x00026400   0x00000028   Code   RO         2373    i.serial_tx         nrf_log_backend_uart.o
    0x00026428   0x00000088   Code   RO          517    i.service_data_encode  ble_advdata.o
    0x000264b0   0x0000000a   Code   RO          690    i.soc_evt_handler   nrf_drv_clock.o
    0x000264ba   0x00000002   PAD
    0x000264bc   0x00000098   Code   RO         2501    i.std_n             nrf_log_frontend.o
    0x00026554   0x00000080   Code   RO         1576    i.timer_list_handler  app_timer.o
    0x000265d4   0x0000003c   Code   RO         1577    i.timer_list_insert  app_timer.o
    0x00026610   0x00000060   Code   RO         1578    i.timer_list_remove  app_timer.o
    0x00026670   0x00000048   Code   RO         1579    i.timer_stop_op_schedule  app_timer.o
    0x000266b8   0x00000074   Code   RO         1580    i.timer_timeouts_check  app_timer.o
    0x0002672c   0x00000020   Code   RO         1170    i.tx_byte           nrf_drv_uart.o
    0x0002674c   0x0000001c   Code   RO         1171    i.tx_done_event     nrf_drv_uart.o
    0x00026768   0x0000000c   Code   RO         2374    i.uart_evt_handler  nrf_log_backend_uart.o
    0x00026774   0x00000050   Code   RO         2375    i.uart_init         nrf_log_backend_uart.o
    0x000267c4   0x0000011e   Code   RO         1172    i.uart_irq_handler  nrf_drv_uart.o
    0x000268e2   0x000000f0   Code   RO         1173    i.uarte_irq_handler  nrf_drv_uart.o
    0x000269d2   0x0000000a   Code   RO          518    i.uint16_encode     ble_advdata.o
    0x000269dc   0x000000b4   Code   RO         1998    i.unsigned_print    nrf_fprintf_format.o
    0x00026a90   0x00000030   Code   RO         1581    i.user_op_alloc     app_timer.o
    0x00026ac0   0x00000030   Code   RO          519    i.uuid_list_encode  ble_advdata.o
    0x00026af0   0x0000009e   Code   RO          520    i.uuid_list_sized_encode  ble_advdata.o
    0x00026b8e   0x00000008   Data   RO          261    .constdata          boards.o
    0x00026b96   0x00000002   PAD
    0x00026b98   0x0000002c   Data   RO          374    .constdata          bsp.o
    0x00026bc4   0x00000004   Data   RO          925    .constdata          nrf_drv_gpiote.o
    0x00026bc8   0x00000008   Data   RO         1376    .constdata          app_button.o
    0x00026bd0   0x00000010   Data   RO         1999    .constdata          nrf_fprintf_format.o
    0x00026be0   0x00000104   Data   RO         2240    .constdata          nrf_strerror.o
    0x00026ce4   0x0000000c   Data   RO         2377    .constdata          nrf_log_backend_uart.o
    0x00026cf0   0x00000020   Data   RO         2378    .constdata          nrf_log_backend_uart.o
    0x00026d10   0x00000014   Data   RO         2504    .constdata          nrf_log_frontend.o
    0x00026d24   0x00000010   Data   RO         2963    .constdata          nrf_sdh.o
    0x00026d34   0x00000028   Data   RO         2964    .constdata          nrf_sdh.o
    0x00026d5c   0x00000010   Data   RO         2965    .constdata          nrf_sdh.o
    0x00026d6c   0x00000010   Data   RO         2966    .constdata          nrf_sdh.o
    0x00026d7c   0x00000018   Data   RO         3080    .constdata          nrf_sdh_ble.o
    0x00026d94   0x00000014   Data   RO         3081    .constdata          nrf_sdh_ble.o
    0x00026da8   0x00000010   Data   RO         3127    .constdata          nrf_sdh_soc.o
    0x00026db8   0x0000000c   Data   RO         3128    .constdata          nrf_sdh_soc.o
    0x00026dc4   0x00000081   Data   RO         3204    .constdata          mc_w.l(ctype_o.o)
    0x00026e45   0x00000003   PAD
    0x00026e48   0x00000004   Data   RO         3205    .constdata          mc_w.l(ctype_o.o)
    0x00026e4c   0x00000307   Data   RO         2241    .conststring        nrf_strerror.o
    0x00027153   0x00000001   PAD
    0x00027154   0x00000066   Data   RO         2673    .conststring        nrf_log_str_formatter.o
    0x000271ba   0x00000002   PAD
    0x000271bc   0x00000188   Data   RO         3082    .conststring        nrf_sdh_ble.o
    0x00027344   0x00000006   Data   RO          696    .conststrlit        nrf_drv_clock.o
    0x0002734a   0x00000002   PAD
    0x0002734c   0x00000007   Data   RO          929    .conststrlit        nrf_drv_gpiote.o
    0x00027353   0x00000001   PAD
    0x00027354   0x00000005   Data   RO         1175    .conststrlit        nrf_drv_uart.o
    0x00027359   0x00000003   PAD
    0x0002735c   0x00000007   Data   RO         1914    .conststrlit        nrf_balloc.o
    0x00027363   0x00000001   PAD
    0x00027364   0x00000009   Data   RO         2132    .conststrlit        nrf_pwr_mgmt.o
    0x0002736d   0x00000003   PAD
    0x00027370   0x00000004   Data   RO         2506    .conststrlit        nrf_log_frontend.o
    0x00027374   0x00000008   Data   RO         2967    .conststrlit        nrf_sdh.o
    0x0002737c   0x0000000c   Data   RO         3083    .conststrlit        nrf_sdh_ble.o
    0x00027388   0x0000000c   Data   RO         3129    .conststrlit        nrf_sdh_soc.o
    0x00027394   0x00000020   Data   RO         3261    Region$$Table       anon$$obj.o
    0x000273b4   0x00000008   Data   RO          697    log_const_data      nrf_drv_clock.o
    0x000273bc   0x00000008   Data   RO          930    log_const_data      nrf_drv_gpiote.o
    0x000273c4   0x00000008   Data   RO         1176    log_const_data      nrf_drv_uart.o
    0x000273cc   0x00000008   Data   RO         1915    log_const_data      nrf_balloc.o
    0x000273d4   0x00000008   Data   RO         2134    log_const_data      nrf_pwr_mgmt.o
    0x000273dc   0x00000008   Data   RO         2510    log_const_data      nrf_log_frontend.o
    0x000273e4   0x00000008   Data   RO         2969    log_const_data      nrf_sdh.o
    0x000273ec   0x00000008   Data   RO         3084    log_const_data      nrf_sdh_ble.o
    0x000273f4   0x00000008   Data   RO         3130    log_const_data      nrf_sdh_soc.o
    0x000273fc   0x00000008   Data   RO          699    sdh_soc_observers0  nrf_drv_clock.o
    0x00027404   0x00000008   Data   RO         3086    sdh_stack_observers0  nrf_sdh_ble.o
    0x0002740c   0x00000008   Data   RO         3132    sdh_stack_observers0  nrf_sdh_soc.o
    0x00027414   0x00000008   Data   RO          700    sdh_state_observers0  nrf_drv_clock.o


    Execution Region RW_IRAM1 (Base: 0x20001720, Size: 0x00002880, Max: 0x0000e8e0, ABSOLUTE)

    Base Addr    Size         Type   Attr      Idx    E Section Name        Object

    0x20001720   0x00000012   Data   RW            8    .data               main.o
    0x20001732   0x00000002   PAD
    0x20001734   0x00000010   Data   RW          375    .data               bsp.o
    0x20001744   0x00000014   Data   RW         1377    .data               app_button.o
    0x20001758   0x00000014   Data   RW         1583    .data               app_timer.o
    0x2000176c   0x0000000c   Data   RW         2379    .data               nrf_log_backend_uart.o
    0x20001778   0x0000000c   Data   RW         2442    .data               nrf_log_default_backends.o
    0x20001784   0x00000008   Data   RW         2508    .data               nrf_log_frontend.o
    0x2000178c   0x00000008   Data   RW         2509    .data               nrf_log_frontend.o
    0x20001794   0x00000038   Data   RW         2674    .data               nrf_log_str_formatter.o
    0x200017cc   0x00000003   Data   RW         2968    .data               nrf_sdh.o
    0x200017cf   0x00000001   PAD
    0x200017d0   0x00000004   Data   RW         3167    .data               system_nrf52.o
    0x200017d4   0x0000000c   Data   RW          698    log_dynamic_data    nrf_drv_clock.o
    0x200017e0   0x0000000c   Data   RW          931    log_dynamic_data    nrf_drv_gpiote.o
    0x200017ec   0x0000000c   Data   RW         1177    log_dynamic_data    nrf_drv_uart.o
    0x200017f8   0x0000000c   Data   RW         1916    log_dynamic_data    nrf_balloc.o
    0x20001804   0x0000000c   Data   RW         2135    log_dynamic_data    nrf_pwr_mgmt.o
    0x20001810   0x0000000c   Data   RW         2511    log_dynamic_data    nrf_log_frontend.o
    0x2000181c   0x0000000c   Data   RW         2970    log_dynamic_data    nrf_sdh.o
    0x20001828   0x0000000c   Data   RW         3085    log_dynamic_data    nrf_sdh_ble.o
    0x20001834   0x0000000c   Data   RW         3131    log_dynamic_data    nrf_sdh_soc.o
    0x20001840   0x00000010   Zero   RW            7    .bss                main.o
    0x20001850   0x00000020   Zero   RW          370    .bss                bsp.o
    0x20001870   0x00000020   Zero   RW          371    .bss                bsp.o
    0x20001890   0x0000000c   Zero   RW          372    .bss                bsp.o
    0x2000189c   0x00000020   Zero   RW          373    .bss                bsp.o
    0x200018bc   0x00000014   Zero   RW          691    .bss                nrf_drv_clock.o
    0x200018d0   0x00000058   Zero   RW          924    .bss                nrf_drv_gpiote.o
    0x20001928   0x00000020   Zero   RW         1174    .bss                nrf_drv_uart.o
    0x20001948   0x00000020   Zero   RW         1375    .bss                app_button.o
    0x20001968   0x0000010c   Zero   RW         1582    .bss                app_timer.o
    0x20001a74   0x0000000c   Zero   RW         1731    .bss                app_util_platform.o
    0x20001a80   0x00000040   Zero   RW         2376    .bss                nrf_log_backend_uart.o
    0x20001ac0   0x000000c0   Zero   RW         2502    .bss                nrf_log_frontend.o
    0x20001b80   0x00000420   Zero   RW         2503    .bss                nrf_log_frontend.o
    0x20001fa0   0x00002000   Zero   RW         3155    STACK               arm_startup_nrf52.o


==============================================================================

Image component sizes


      Code (inc. data)   RO Data    RW Data    ZI Data      Debug   Object Name

       332         34          8         20         32      10210   app_button.o
        22          0          0          0          0       2257   app_error.o
       120         40          0          0          0      27393   app_error_weak.o
      1630        122          0         20        268      47815   app_timer.o
       124         14          0          0         12       9494   app_util_platform.o
        36          8        512          0       8192        932   arm_startup_nrf52.o
      1330          0          0          0          0      36847   ble_advdata.o
       274         32          8          0          0      11901   boards.o
       906         84         44         16        108      13520   bsp.o
       292         42          0         18         16     121019   main.o
       164          0         15         12          0       3953   nrf_balloc.o
       408         40         30         12         20      51243   nrf_drv_clock.o
        56          0          0          0          0      27563   nrf_drv_common.o
      1178         84         19         12         88      30666   nrf_drv_gpiote.o
      1784         60         13         12         32      40902   nrf_drv_uart.o
        50          0          0          0          0       3553   nrf_fprintf.o
       850          4         16          0          0       5510   nrf_fprintf_format.o
         0          0          0          0          0        720   nrf_log_backend_rtt.o
       210          0          0          0          0      10271   nrf_log_backend_serial.o
       188         36         44         12         64      12470   nrf_log_backend_uart.o
        28          6          0         12          0       3219   nrf_log_default_backends.o
      1450         94         32         28       1248      31826   nrf_log_frontend.o
       506         66        102         56          0       5632   nrf_log_str_formatter.o
       494          0          0          0          0      13199   nrf_memobj.o
         0          0         17         12          0       7249   nrf_pwr_mgmt.o
       380         44        104         15          0      49019   nrf_sdh.o
       572        154        464         12          0       5790   nrf_sdh_ble.o
        60          4         56         12          0       2592   nrf_sdh_soc.o
        78          0          0          0          0       2804   nrf_section_iter.o
        76         10       1035          0          0       2759   nrf_strerror.o
       764         64          0          4          0       2971   system_nrf52.o

    ----------------------------------------------------------------------
     14390       1042       2566        288      10080     595299   Object Totals
         0          0         32          0          0          0   (incl. Generated)
        28          0         15          3          0          0   (incl. Padding)

    ----------------------------------------------------------------------

      Code (inc. data)   RO Data    RW Data    ZI Data      Debug   Library Member Name

         8          4        133          0          0         68   ctype_o.o
         0          0          0          0          0          0   entry.o
         0          0          0          0          0          0   entry10a.o
         0          0          0          0          0          0   entry11a.o
         8          4          0          0          0          0   entry2.o
         4          0          0          0          0          0   entry5.o
         0          0          0          0          0          0   entry7b.o
         0          0          0          0          0          0   entry8b.o
         8          4          0          0          0          0   entry9a.o
        30          0          0          0          0          0   handlers.o
        36          8          0          0          0         68   init.o
        30          0          0          0          0         68   llshl.o
        32          0          0          0          0         68   llushr.o
        36          0          0          0          0         68   memcpya.o
        36          0          0          0          0        108   memseta.o
        14          0          0          0          0         68   strlen.o
        98          0          0          0          0         92   uldiv.o

    ----------------------------------------------------------------------
       344         20        136          0          0        608   Library Totals
         4          0          3          0          0          0   (incl. Padding)

    ----------------------------------------------------------------------

      Code (inc. data)   RO Data    RW Data    ZI Data      Debug   Library Name

       340         20        133          0          0        608   mc_w.l

    ----------------------------------------------------------------------
       344         20        136          0          0        608   Library Totals

    ----------------------------------------------------------------------

==============================================================================


      Code (inc. data)   RO Data    RW Data    ZI Data      Debug   

     14734       1062       2702        288      10080     578455   Grand Totals
     14734       1062       2702        288      10080     578455   ELF Image Totals
     14734       1062       2702        288          0          0   ROM Totals

==============================================================================

    Total RO  Size (Code + RO Data)                17436 (  17.03kB)
    Total RW  Size (RW Data + ZI Data)             10368 (  10.13kB)
    Total ROM Size (Code + RO Data + RW Data)      17724 (  17.31kB)

==============================================================================

